Component: ARM Compiler 5.06 update 6 (build 750) Tool: armlink [4d35ed]

==============================================================================

Section Cross References

    startup_stm32l151xb.o(RESET) refers to startup_stm32l151xb.o(STACK) for __initial_sp
    startup_stm32l151xb.o(RESET) refers to startup_stm32l151xb.o(.text) for Reset_Handler
    startup_stm32l151xb.o(RESET) refers to stm32l1xx_it.o(i.NMI_Handler) for NMI_Handler
    startup_stm32l151xb.o(RESET) refers to stm32l1xx_it.o(i.HardFault_Handler) for HardFault_Handler
    startup_stm32l151xb.o(RESET) refers to stm32l1xx_it.o(i.MemManage_Handler) for MemManage_Handler
    startup_stm32l151xb.o(RESET) refers to stm32l1xx_it.o(i.BusFault_Handler) for BusFault_Handler
    startup_stm32l151xb.o(RESET) refers to stm32l1xx_it.o(i.UsageFault_Handler) for UsageFault_Handler
    startup_stm32l151xb.o(RESET) refers to stm32l1xx_it.o(i.SVC_Handler) for SVC_Handler
    startup_stm32l151xb.o(RESET) refers to stm32l1xx_it.o(i.DebugMon_Handler) for DebugMon_Handler
    startup_stm32l151xb.o(RESET) refers to stm32l1xx_it.o(i.PendSV_Handler) for PendSV_Handler
    startup_stm32l151xb.o(RESET) refers to stm32l1xx_it.o(i.SysTick_Handler) for SysTick_Handler
    startup_stm32l151xb.o(RESET) refers to stm32l1xx_it.o(i.DMA1_Channel3_IRQHandler) for DMA1_Channel3_IRQHandler
    startup_stm32l151xb.o(RESET) refers to stm32l1xx_it.o(i.DMA1_Channel5_IRQHandler) for DMA1_Channel5_IRQHandler
    startup_stm32l151xb.o(RESET) refers to stm32l1xx_it.o(i.DMA1_Channel6_IRQHandler) for DMA1_Channel6_IRQHandler
    startup_stm32l151xb.o(RESET) refers to stm32l1xx_it.o(i.USART1_IRQHandler) for USART1_IRQHandler
    startup_stm32l151xb.o(RESET) refers to stm32l1xx_it.o(i.USART2_IRQHandler) for USART2_IRQHandler
    startup_stm32l151xb.o(RESET) refers to stm32l1xx_it.o(i.USART3_IRQHandler) for USART3_IRQHandler
    startup_stm32l151xb.o(RESET) refers to stm32l1xx_it.o(i.TIM6_IRQHandler) for TIM6_IRQHandler
    startup_stm32l151xb.o(.text) refers to system_stm32l1xx.o(i.SystemInit) for SystemInit
    startup_stm32l151xb.o(.text) refers to entry.o(.ARM.Collect$$$$00000000) for __main
    bsp_uart.o(i.BSP_IDLE_Uart1) refers to stm32l1xx_hal_uart.o(i.HAL_UART_DMAStop) for HAL_UART_DMAStop
    bsp_uart.o(i.BSP_IDLE_Uart1) refers to usart.o(.bss) for huart1
    bsp_uart.o(i.BSP_IDLE_Uart1) refers to bsp_uart.o(.data) for .data
    bsp_uart.o(i.BSP_IDLE_Uart2) refers to stm32l1xx_hal_uart.o(i.HAL_UART_DMAStop) for HAL_UART_DMAStop
    bsp_uart.o(i.BSP_IDLE_Uart2) refers to usart.o(.bss) for huart2
    bsp_uart.o(i.BSP_IDLE_Uart2) refers to bsp_uart.o(.data) for .data
    bsp_uart.o(i.BSP_IDLE_Uart3) refers to stm32l1xx_hal_uart.o(i.HAL_UART_DMAStop) for HAL_UART_DMAStop
    bsp_uart.o(i.BSP_IDLE_Uart3) refers to strlen.o(.text) for strlen
    bsp_uart.o(i.BSP_IDLE_Uart3) refers to strncat.o(.text) for strncat
    bsp_uart.o(i.BSP_IDLE_Uart3) refers to printfa.o(i.__0sprintf) for __2sprintf
    bsp_uart.o(i.BSP_IDLE_Uart3) refers to strstr.o(.text) for strstr
    bsp_uart.o(i.BSP_IDLE_Uart3) refers to usart.o(.bss) for huart3
    bsp_uart.o(i.BSP_IDLE_Uart3) refers to bsp_uart.o(.data) for .data
    bsp_uart.o(i.BSP_IDLE_Uart3) refers to bsp_bc28.o(.bss) for nbiot_buf
    bsp_uart.o(i.Bsp_IDLE_Enable) refers to stm32l1xx_hal_uart.o(i.HAL_UART_Receive_DMA) for HAL_UART_Receive_DMA
    bsp_uart.o(i.Bsp_IDLE_Enable) refers to usart.o(.bss) for huart1
    bsp_uart.o(i.Bsp_IDLE_Enable) refers to bsp_uart.o(.data) for .data
    bsp_uart.o(i.debuge_printf) refers to printfa.o(i.__0vsprintf) for vsprintf
    bsp_uart.o(i.debuge_printf) refers to stm32l1xx_hal_uart.o(i.HAL_UART_Transmit) for HAL_UART_Transmit
    bsp_uart.o(i.debuge_printf) refers to bsp_uart.o(.bss) for .bss
    bsp_uart.o(i.debuge_printf) refers to usart.o(.bss) for huart2
    bsp_gpio.o(i.BSP_BC28_Reset) refers to stm32l1xx_hal_gpio.o(i.HAL_GPIO_TogglePin) for HAL_GPIO_TogglePin
    bsp_gpio.o(i.BSP_BC28_Reset) refers to stm32l1xx_hal_gpio.o(i.HAL_GPIO_WritePin) for HAL_GPIO_WritePin
    bsp_gpio.o(i.BSP_BLED) refers to stm32l1xx_hal_gpio.o(i.HAL_GPIO_TogglePin) for HAL_GPIO_TogglePin
    bsp_gpio.o(i.BSP_BLED) refers to stm32l1xx_hal_gpio.o(i.HAL_GPIO_WritePin) for HAL_GPIO_WritePin
    bsp_gpio.o(i.BSP_POWER) refers to stm32l1xx_hal_gpio.o(i.HAL_GPIO_TogglePin) for HAL_GPIO_TogglePin
    bsp_gpio.o(i.BSP_POWER) refers to stm32l1xx_hal_gpio.o(i.HAL_GPIO_WritePin) for HAL_GPIO_WritePin
    bsp_gpio.o(i.BSP_RLED) refers to stm32l1xx_hal_gpio.o(i.HAL_GPIO_TogglePin) for HAL_GPIO_TogglePin
    bsp_gpio.o(i.BSP_RLED) refers to stm32l1xx_hal_gpio.o(i.HAL_GPIO_WritePin) for HAL_GPIO_WritePin
    bsp_bc28.o(i.BC28_ConTCP) refers to printfa.o(i.__0printf) for __2printf
    bsp_bc28.o(i.BC28_ConTCP) refers to stm32l1xx_hal.o(i.HAL_Delay) for HAL_Delay
    bsp_bc28.o(i.BC28_ConTCP) refers to bsp_bc28.o(i.nbiot_send_cmd) for nbiot_send_cmd
    bsp_bc28.o(i.BC28_ConTCP) refers to printfa.o(i.__0sprintf) for __2sprintf
[...]
    i.HAL_UART_Transmit                      0x08003c18   Section        0  stm32l1xx_hal_uart.o(i.HAL_UART_Transmit)
    i.HAL_UART_TxCpltCallback                0x08003ce4   Section        0  stm32l1xx_hal_uart.o(i.HAL_UART_TxCpltCallback)
    i.HardFault_Handler                      0x08003ce6   Section        0  stm32l1xx_it.o(i.HardFault_Handler)
    i.MX_DMA_Init                            0x08003ce8   Section        0  dma.o(i.MX_DMA_Init)
    i.MX_GPIO_Init                           0x08003d34   Section        0  gpio.o(i.MX_GPIO_Init)
    i.MX_RTC_Init                            0x08003ddc   Section        0  rtc.o(i.MX_RTC_Init)
    i.MX_TIM6_Init                           0x08003e68   Section        0  tim.o(i.MX_TIM6_Init)
    i.MX_USART1_UART_Init                    0x08003eac   Section        0  usart.o(i.MX_USART1_UART_Init)
    i.MX_USART2_UART_Init                    0x08003ee4   Section        0  usart.o(i.MX_USART2_UART_Init)
    i.MX_USART3_UART_Init                    0x08003f1c   Section        0  usart.o(i.MX_USART3_UART_Init)
    i.MemManage_Handler                      0x08003f54   Section        0  stm32l1xx_it.o(i.MemManage_Handler)
    i.NBIOT_CLEAR_Buff                       0x08003f58   Section        0  bsp_bc28.o(i.NBIOT_CLEAR_Buff)
    NBIOT_CLEAR_Buff                         0x08003f59   Thumb Code    10  bsp_bc28.o(i.NBIOT_CLEAR_Buff)
    i.NBiot_PSM                              0x08003f68   Section        0  bsp_bc28.o(i.NBiot_PSM)
    i.NMI_Handler                            0x0800403c   Section        0  stm32l1xx_it.o(i.NMI_Handler)
    i.NVIC_SetPriority                       0x0800403e   Section        0  stm32l1xx_hal_cortex.o(i.NVIC_SetPriority)
    NVIC_SetPriority                         0x0800403f   Thumb Code    32  stm32l1xx_hal_cortex.o(i.NVIC_SetPriority)
    i.PendSV_Handler                         0x0800405e   Section        0  stm32l1xx_it.o(i.PendSV_Handler)
    i.RCC_SetFlashLatencyFromMSIRange        0x08004060   Section        0  stm32l1xx_hal_rcc.o(i.RCC_SetFlashLatencyFromMSIRange)
    RCC_SetFlashLatencyFromMSIRange          0x08004061   Thumb Code   116  stm32l1xx_hal_rcc.o(i.RCC_SetFlashLatencyFromMSIRange)
    i.RTC_Bcd2ToByte                         0x080040e0   Section        0  stm32l1xx_hal_rtc.o(i.RTC_Bcd2ToByte)
    i.RTC_ByteToBcd2                         0x080040f2   Section        0  stm32l1xx_hal_rtc.o(i.RTC_ByteToBcd2)
    i.RTC_EnterInitMode                      0x08004108   Section        0  stm32l1xx_hal_rtc.o(i.RTC_EnterInitMode)
    i.SVC_Handler                            0x08004142   Section        0  stm32l1xx_it.o(i.SVC_Handler)
    i.StandbyMode_Measure                    0x08004144   Section        0  bsp_rtc.o(i.StandbyMode_Measure)
    i.SysTick_Handler                        0x080041b4   Section        0  stm32l1xx_it.o(i.SysTick_Handler)
    i.SystemClock_Config                     0x080041b8   Section        0  main.o(i.SystemClock_Config)
    i.SystemInit                             0x0800422c   Section        0  system_stm32l1xx.o(i.SystemInit)
    i.TIM6_IRQHandler                        0x0800427c   Section        0  stm32l1xx_it.o(i.TIM6_IRQHandler)
    i.TIM_Base_SetConfig                     0x08004288   Section        0  stm32l1xx_hal_tim.o(i.TIM_Base_SetConfig)
    TIM_Base_SetConfig                       0x08004289   Thumb Code    86  stm32l1xx_hal_tim.o(i.TIM_Base_SetConfig)
    i.Task_Init                              0x080042f4   Section        0  bsp_task.o(i.Task_Init)
    i.Task_JDDZ                              0x08004320   Section        0  bsp_task.o(i.Task_JDDZ)
    i.Task_Recive                            0x08004364   Section        0  bsp_task.o(i.Task_Recive)
    i.Task_Send                              0x08004548   Section        0  bsp_task.o(i.Task_Send)
    i.Task_Sleep                             0x08004668   Section        0  bsp_task.o(i.Task_Sleep)
    i.UART_DMAError                          0x08004676   Section        0  stm32l1xx_hal_uart.o(i.UART_DMAError)
    UART_DMAError                            0x08004677   Thumb Code    30  stm32l1xx_hal_uart.o(i.UART_DMAError)
    i.UART_DMAReceiveCplt                    0x08004694   Section        0  stm32l1xx_hal_uart.o(i.UART_DMAReceiveCplt)
    UART_DMAReceiveCplt                      0x08004695   Thumb Code    54  stm32l1xx_hal_uart.o(i.UART_DMAReceiveCplt)
    i.UART_DMARxHalfCplt                     0x080046ca   Section        0  stm32l1xx_hal_uart.o(i.UART_DMARxHalfCplt)
    UART_DMARxHalfCplt                       0x080046cb   Thumb Code    10  stm32l1xx_hal_uart.o(i.UART_DMARxHalfCplt)
    i.UART_Receive_IT                        0x080046d4   Section        0  stm32l1xx_hal_uart.o(i.UART_Receive_IT)
    UART_Receive_IT                          0x080046d5   Thumb Code   168  stm32l1xx_hal_uart.o(i.UART_Receive_IT)
    i.UART_SetConfig                         0x0800477c   Section        0  stm32l1xx_hal_uart.o(i.UART_SetConfig)
    UART_SetConfig                           0x0800477d   Thumb Code   666  stm32l1xx_hal_uart.o(i.UART_SetConfig)
    i.UART_Transmit_IT                       0x08004a1c   Section        0  stm32l1xx_hal_uart.o(i.UART_Transmit_IT)
    UART_Transmit_IT                         0x08004a1d   Thumb Code   102  stm32l1xx_hal_uart.o(i.UART_Transmit_IT)
    i.UART_WaitOnFlagUntilTimeout            0x08004a82   Section        0  stm32l1xx_hal_uart.o(i.UART_WaitOnFlagUntilTimeout)
    UART_WaitOnFlagUntilTimeout              0x08004a83   Thumb Code   146  stm32l1xx_hal_uart.o(i.UART_WaitOnFlagUntilTimeout)
    i.USART1_IRQHandler                      0x08004b14   Section        0  stm32l1xx_it.o(i.USART1_IRQHandler)
    i.USART2_IRQHandler                      0x08004b38   Section        0  stm32l1xx_it.o(i.USART2_IRQHandler)
    i.USART3_IRQHandler                      0x08004b5c   Section        0  stm32l1xx_it.o(i.USART3_IRQHandler)
    i.UsageFault_Handler                     0x08004b80   Section        0  stm32l1xx_it.o(i.UsageFault_Handler)
    i.__0printf                              0x08004b84   Section        0  printfa.o(i.__0printf)
    i.__0sprintf                             0x08004ba4   Section        0  printfa.o(i.__0sprintf)
    i.__0vsprintf                            0x08004bcc   Section        0  printfa.o(i.__0vsprintf)
    i.__free$realloc                         0x08004bf0   Section        0  mallocr.o(i.__free$realloc)
    i.__malloc$realloc                       0x08004c4c   Section        0  mallocr.o(i.__malloc$realloc)
    i.__scatterload_copy                     0x08004c9c   Section       14  handlers.o(i.__scatterload_copy)
    i.__scatterload_null                     0x08004caa   Section        2  handlers.o(i.__scatterload_null)
    i.__scatterload_zeroinit                 0x08004cac   Section       14  handlers.o(i.__scatterload_zeroinit)
    i._fp_digits                             0x08004cbc   Section        0  printfa.o(i._fp_digits)
    _fp_digits                               0x08004cbd   Thumb Code   366  printfa.o(i._fp_digits)
    i._is_digit                              0x08004e40   Section        0  scanf_fp.o(i._is_digit)
    i._printf_core                           0x08004e50   Section        0  printfa.o(i._printf_core)
    _printf_core                             0x08004e51   Thumb Code  1744  printfa.o(i._printf_core)
    i._printf_post_padding                   0x0800552c   Section        0  printfa.o(i._printf_post_padding)
    _printf_post_padding                     0x0800552d   Thumb Code    36  printfa.o(i._printf_post_padding)
    i._printf_pre_padding                    0x08005550   Section        0  printfa.o(i._printf_pre_padding)
    _printf_pre_padding                      0x08005551   Thumb Code    46  printfa.o(i._printf_pre_padding)
    i._sputc                                 0x0800557e   Section        0  printfa.o(i._sputc)
    _sputc                                   0x0800557f   Thumb Code    10  printfa.o(i._sputc)
    i.add_item_to_array                      0x08005588   Section        0  cjson.o(i.add_item_to_array)
    add_item_to_array                        0x08005589   Thumb Code    34  cjson.o(i.add_item_to_array)
    i.add_item_to_object                     0x080055aa   Section        0  cjson.o(i.add_item_to_object)
    add_item_to_object                       0x080055ab   Thumb Code    86  cjson.o(i.add_item_to_object)
    i.buffer_skip_whitespace                 0x08005600   Section        0  cjson.o(i.buffer_skip_whitespace)
    buffer_skip_whitespace                   0x08005601   Thumb Code    44  cjson.o(i.buffer_skip_whitespace)
    i.cJSON_AddNumberToObject                0x0800562c   Section        0  cjson.o(i.cJSON_AddNumberToObject)
    i.cJSON_AddStringToObject                0x08005660   Section        0  cjson.o(i.cJSON_AddStringToObject)
    i.cJSON_CreateNumber                     0x08005690   Section        0  cjson.o(i.cJSON_CreateNumber)
    i.cJSON_CreateObject                     0x080056f0   Section        0  cjson.o(i.cJSON_CreateObject)
    i.cJSON_CreateString                     0x08005708   Section        0  cjson.o(i.cJSON_CreateString)
    i.cJSON_Delete                           0x08005738   Section        0  cjson.o(i.cJSON_Delete)
    i.cJSON_GetArraySize                     0x08005780   Section        0  cjson.o(i.cJSON_GetArraySize)
    i.cJSON_GetObjectItem                    0x0800579a   Section        0  cjson.o(i.cJSON_GetObjectItem)
    i.cJSON_New_Item                         0x080057a0   Section        0  cjson.o(i.cJSON_New_Item)
    cJSON_New_Item                           0x080057a1   Thumb Code    22  cjson.o(i.cJSON_New_Item)
    i.cJSON_Parse                            0x080057b6   Section        0  cjson.o(i.cJSON_Parse)
    i.cJSON_ParseWithOpts                    0x080057c0   Section        0  cjson.o(i.cJSON_ParseWithOpts)
    i.cJSON_PrintUnformatted                 0x080058a4   Section        0  cjson.o(i.cJSON_PrintUnformatted)
    i.cJSON_strdup                           0x080058b0   Section        0  cjson.o(i.cJSON_strdup)
    cJSON_strdup                             0x080058b1   Thumb Code    40  cjson.o(i.cJSON_strdup)
    i.debuge_printf                          0x080058d8   Section        0  bsp_uart.o(i.debuge_printf)
    i.ensure                                 0x08005904   Section        0  cjson.o(i.ensure)
    ensure                                   0x08005905   Thumb Code   138  cjson.o(i.ensure)
    i.fputc                                  0x08005990   Section        0  bsp_bc28.o(i.fputc)
    i.get_jddz_value                         0x080059a8   Section        0  bsp_jddz.o(i.get_jddz_value)
    i.get_object_item                        0x08005a08   Section        0  cjson.o(i.get_object_item)
    get_object_item                          0x08005a09   Thumb Code   122  cjson.o(i.get_object_item)
    i.internal_alloc                         0x08005a84   Section        0  mallocr.o(i.internal_alloc)
    internal_alloc                           0x08005a85   Thumb Code    76  mallocr.o(i.internal_alloc)
    i.main                                   0x08005ad4   Section        0  main.o(i.main)
    i.nbiot_send_cmd                         0x08005b7c   Section        0  bsp_bc28.o(i.nbiot_send_cmd)
    i.parse_array                            0x08005bd0   Section        0  cjson.o(i.parse_array)
    parse_array                              0x08005bd1   Thumb Code   204  cjson.o(i.parse_array)
    i.parse_hex4                             0x08005c9c   Section        0  cjson.o(i.parse_hex4)
    parse_hex4                               0x08005c9d   Thumb Code    64  cjson.o(i.parse_hex4)
    i.parse_number                           0x08005cdc   Section        0  cjson.o(i.parse_number)
    parse_number                             0x08005cdd   Thumb Code   228  cjson.o(i.parse_number)
    i.parse_object                           0x08005dcc   Section        0  cjson.o(i.parse_object)
    parse_object                             0x08005dcd   Thumb Code   262  cjson.o(i.parse_object)
    i.parse_string                           0x08005ed2   Section        0  cjson.o(i.parse_string)
    parse_string                             0x08005ed3   Thumb Code   268  cjson.o(i.parse_string)
    i.parse_value                            0x08005fe0   Section        0  cjson.o(i.parse_value)
    parse_value                              0x08005fe1   Thumb Code   226  cjson.o(i.parse_value)
    i.print                                  0x080060dc   Section        0  cjson.o(i.print)
    print                                    0x080060dd   Thumb Code   152  cjson.o(i.print)
    i.print_array                            0x08006174   Section        0  cjson.o(i.print_array)
    print_array                              0x08006175   Thumb Code   150  cjson.o(i.print_array)
    i.print_number                           0x0800620c   Section        0  cjson.o(i.print_number)
    print_number                             0x0800620d   Thumb Code   146  cjson.o(i.print_number)
    i.print_object                           0x080062b4   Section        0  cjson.o(i.print_object)
    print_object                             0x080062b5   Thumb Code   320  cjson.o(i.print_object)
    i.print_string_ptr                       0x080063f4   Section        0  cjson.o(i.print_string_ptr)
    print_string_ptr                         0x080063f5   Thumb Code   258  cjson.o(i.print_string_ptr)
    i.print_value                            0x08006504   Section        0  cjson.o(i.print_value)
    print_value                              0x08006505   Thumb Code   182  cjson.o(i.print_value)
    i.realloc                                0x080065d4   Section        0  mallocr.o(i.realloc)
    i.str_hex                                0x08006640   Section        0  bsp_bc28.o(i.str_hex)
    i.strtod                                 0x08006670   Section        0  strtod.o(i.strtod)
    i.update_offset                          0x0800668c   Section        0  cjson.o(i.update_offset)
    update_offset                            0x0800668d   Thumb Code    28  cjson.o(i.update_offset)
    i.usMBCRC16                              0x080066a8   Section        0  crc16.o(i.usMBCRC16)
    i.utf16_literal_to_utf8                  0x080066d4   Section        0  cjson.o(i.utf16_literal_to_utf8)
    utf16_literal_to_utf8                    0x080066d5   Thumb Code   210  cjson.o(i.utf16_literal_to_utf8)
    .constdata                               0x080067a6   Section      512  crc16.o(.constdata)
    aucCRCHi                                 0x080067a6   Data         256  crc16.o(.constdata)
    aucCRCLo                                 0x080068a6   Data         256  crc16.o(.constdata)
    .constdata                               0x080069a6   Section       25  system_stm32l1xx.o(.constdata)
    .constdata                               0x080069bf   Section        8  system_stm32l1xx.o(.constdata)
    .constdata                               0x080069c7   Section      129  ctype_o.o(.constdata)
    .constdata                               0x08006a48   Section        4  ctype_o.o(.constdata)
    table                                    0x08006a48   Data           4  ctype_o.o(.constdata)
    .data                                    0x20000000   Section      612  bsp_uart.o(.data)
    .data                                    0x20000264   Section       12  bsp_bc28.o(.data)
    i                                        0x20000264   Data           1  bsp_bc28.o(.data)
    .data                                    0x20000270   Section       10  bsp_jddz.o(.data)
    .data                                    0x2000027c   Section        8  bsp_flash.o(.data)
    .data                                    0x20000284   Section       35  bsp_task.o(.data)
    ID_Buf                                   0x20000286   Data           8  bsp_task.o(.data)
    .data                                    0x200002a7   Section       23  bsp_task.o(.data)
    .data                                    0x200002c0   Section       20  cjson.o(.data)
    global_error                             0x200002c0   Data           8  cjson.o(.data)
    global_hooks                             0x200002c8   Data          12  cjson.o(.data)
    .data                                    0x200002d4   Section        2  main.o(.data)
    .data                                    0x200002d8   Section        4  stm32l1xx_hal.o(.data)
    .data                                    0x200002dc   Section        4  system_stm32l1xx.o(.data)
    .data                                    0x200002e0   Section        4  stdout.o(.data)
    .data                                    0x200002e4   Section        4  mvars.o(.data)
    .data                                    0x200002e8   Section        4  mvars.o(.data)
    .bss                                     0x200002ec   Section       50  bsp_uart.o(.bss)
    sUART2                                   0x200002ec   Data          50  bsp_uart.o(.bss)
    .bss                                     0x2000031e   Section     1573  bsp_bc28.o(.bss)
    buf                                      0x2000074f   Data         500  bsp_bc28.o(.bss)
    .bss                                     0x20000944   Section       28  bsp_flash.o(.bss)
    EraseInitStruct                          0x20000944   Data          12  bsp_flash.o(.bss)
    OptionsBytesStruct                       0x20000950   Data          16  bsp_flash.o(.bss)
    .bss                                     0x20000960   Section      310  bsp_task.o(.bss)
    .bss                                     0x20000a98   Section       32  rtc.o(.bss)
    .bss                                     0x20000ab8   Section       56  tim.o(.bss)
    .bss                                     0x20000af0   Section      396  usart.o(.bss)
    .bss                                     0x20000c7c   Section       24  stm32l1xx_hal_flash.o(.bss)
    HEAP                                     0x20000c98   Section     2048  startup_stm32l151xb.o(HEAP)
    STACK                                    0x20001498   Section     4096  startup_stm32l151xb.o(STACK)

    Global Symbols

    Symbol Name                              Value     Ov Type        Size  Object(Section)

    BuildAttributes$$THM_ISAv4$P$D$K$B$S$PE$A:L22UL41UL21$X:L11$S22US41US21$IEEE1$IW$USESV6$~STKCKD$USESV7$~SHL$OTIME$ROPI$IEEEJ$EBA8$MICROLIB$REQ8$PRES8$EABIv2 0x00000000   Number         0  anon$$obj.o ABSOLUTE
    __ARM_use_no_argv                        0x00000000   Number         0  main.o ABSOLUTE
    _printf_a                                0x00000000   Number         0  stubs.o ABSOLUTE
    _printf_c                                0x00000000   Number         0  stubs.o ABSOLUTE
    _printf_charcount                        0x00000000   Number         0  stubs.o ABSOLUTE
    _printf_d                                0x00000000   Number         0  stubs.o ABSOLUTE
    _printf_e                                0x00000000   Number         0  stubs.o ABSOLUTE
    _printf_f                                0x00000000   Number         0  stubs.o ABSOLUTE
    _printf_flags                            0x00000000   Number         0  stubs.o ABSOLUTE
    _printf_fp_dec                           0x00000000   Number         0  stubs.o ABSOLUTE
    _printf_fp_hex                           0x00000000   Number         0  stubs.o ABSOLUTE
    _printf_g                                0x00000000   Number         0  stubs.o ABSOLUTE
    _printf_i                                0x00000000   Number         0  stubs.o ABSOLUTE
    _printf_int_dec                          0x00000000   Number         0  stubs.o ABSOLUTE
    _printf_l                                0x00000000   Number         0  stubs.o ABSOLUTE
    _printf_lc                               0x00000000   Number         0  stubs.o ABSOLUTE
    _printf_ll                               0x00000000   Number         0  stubs.o ABSOLUTE
    _printf_lld                              0x00000000   Number         0  stubs.o ABSOLUTE
    _printf_lli                              0x00000000   Number         0  stubs.o ABSOLUTE
    _printf_llo                              0x00000000   Number         0  stubs.o ABSOLUTE
    _printf_llu                              0x00000000   Number         0  stubs.o ABSOLUTE
    _printf_llx                              0x00000000   Number         0  stubs.o ABSOLUTE
    _printf_longlong_dec                     0x00000000   Number         0  stubs.o ABSOLUTE
    _printf_longlong_hex                     0x00000000   Number         0  stubs.o ABSOLUTE
    _printf_longlong_oct                     0x00000000   Number         0  stubs.o ABSOLUTE
    _printf_ls                               0x00000000   Number         0  stubs.o ABSOLUTE
    _printf_mbtowc                           0x00000000   Number         0  stubs.o ABSOLUTE
    _printf_n                                0x00000000   Number         0  stubs.o ABSOLUTE
    _printf_o                                0x00000000   Number         0  stubs.o ABSOLUTE
    _printf_p                                0x00000000   Number         0  stubs.o ABSOLUTE
    _printf_percent                          0x00000000   Number         0  stubs.o ABSOLUTE
    _printf_pre_padding                      0x00000000   Number         0  stubs.o ABSOLUTE
    _printf_return_value                     0x00000000   Number         0  stubs.o ABSOLUTE
    _printf_s                                0x00000000   Number         0  stubs.o ABSOLUTE
    _printf_sizespec                         0x00000000   Number         0  stubs.o ABSOLUTE
    _printf_str                              0x00000000   Number         0  stubs.o ABSOLUTE
    _printf_truncate_signed                  0x00000000   Number         0  stubs.o ABSOLUTE
    _printf_truncate_unsigned                0x00000000   Number         0  stubs.o ABSOLUTE
    _printf_u                                0x00000000   Number         0  stubs.o ABSOLUTE
    _printf_wc                               0x00000000   Number         0  stubs.o ABSOLUTE
    _printf_wctomb                           0x00000000   Number         0  stubs.o ABSOLUTE
    _printf_widthprec                        0x00000000   Number         0  stubs.o ABSOLUTE
    _printf_x                                0x00000000   Number         0  stubs.o ABSOLUTE
    __cpp_initialize__aeabi_                  - Undefined Weak Reference
    __cxa_finalize                            - Undefined Weak Reference
    _clock_init                               - Undefined Weak Reference
    _microlib_exit                            - Undefined Weak Reference
    _scanf_longlong                           - Undefined Weak Reference
    _scanf_string                             - Undefined Weak Reference
    __Vectors_Size                           0x000000f4   Number         0  startup_stm32l151xb.o ABSOLUTE
    __Vectors                                0x08000000   Data           4  startup_stm32l151xb.o(RESET)
    __Vectors_End                            0x080000f4   Data           0  startup_stm32l151xb.o(RESET)
    __main                                   0x080000f5   Thumb Code     0  entry.o(.ARM.Collect$$$$00000000)
    _main_stk                                0x080000f5   Thumb Code     0  entry2.o(.ARM.Collect$$$$00000001)
    _main_scatterload                        0x080000f9   Thumb Code     0  entry5.o(.ARM.Collect$$$$00000004)
    __main_after_scatterload                 0x080000fd   Thumb Code     0  entry5.o(.ARM.Collect$$$$00000004)
    _main_clock                              0x080000fd   Thumb Code     0  entry7b.o(.ARM.Collect$$$$00000008)
    _main_cpp_init                           0x080000fd   Thumb Code     0  entry8b.o(.ARM.Collect$$$$0000000A)
    _main_init                               0x080000fd   Thumb Code     0  entry9a.o(.ARM.Collect$$$$0000000B)
    __rt_final_cpp                           0x08000105   Thumb Code     0  entry10a.o(.ARM.Collect$$$$0000000D)
    __rt_final_exit                          0x08000105   Thumb Code     0  entry11a.o(.ARM.Collect$$$$0000000F)
    Reset_Handler                            0x08000109   Thumb Code     8  startup_stm32l151xb.o(.text)
    ADC1_IRQHandler                          0x08000123   Thumb Code     0  startup_stm32l151xb.o(.text)
    COMP_IRQHandler                          0x08000123   Thumb Code     0  startup_stm32l151xb.o(.text)
    DAC_IRQHandler                           0x08000123   Thumb Code     0  startup_stm32l151xb.o(.text)
    DMA1_Channel1_IRQHandler                 0x08000123   Thumb Code     0  startup_stm32l151xb.o(.text)
    DMA1_Channel2_IRQHandler                 0x08000123   Thumb Code     0  startup_stm32l151xb.o(.text)
    DMA1_Channel4_IRQHandler                 0x08000123   Thumb Code     0  startup_stm32l151xb.o(.text)
    DMA1_Channel7_IRQHandler                 0x08000123   Thumb Code     0  startup_stm32l151xb.o(.text)
    EXTI0_IRQHandler                         0x08000123   Thumb Code     0  startup_stm32l151xb.o(.text)
    EXTI15_10_IRQHandler                     0x08000123   Thumb Code     0  startup_stm32l151xb.o(.text)
    EXTI1_IRQHandler                         0x08000123   Thumb Code     0  startup_stm32l151xb.o(.text)
    EXTI2_IRQHandler                         0x08000123   Thumb Code     0  startup_stm32l151xb.o(.text)
    EXTI3_IRQHandler                         0x08000123   Thumb Code     0  startup_stm32l151xb.o(.text)
    EXTI4_IRQHandler                         0x08000123   Thumb Code     0  startup_stm32l151xb.o(.text)
    EXTI9_5_IRQHandler                       0x08000123   Thumb Code     0  startup_stm32l151xb.o(.text)
    FLASH_IRQHandler                         0x08000123   Thumb Code     0  startup_stm32l151xb.o(.text)
    I2C1_ER_IRQHandler                       0x08000123   Thumb Code     0  startup_stm32l151xb.o(.text)
    I2C1_EV_IRQHandler                       0x08000123   Thumb Code     0  startup_stm32l151xb.o(.text)
    I2C2_ER_IRQHandler                       0x08000123   Thumb Code     0  startup_stm32l151xb.o(.text)
    I2C2_EV_IRQHandler                       0x08000123   Thumb Code     0  startup_stm32l151xb.o(.text)
    PVD_IRQHandler                           0x08000123   Thumb Code     0  startup_stm32l151xb.o(.text)
    RCC_IRQHandler                           0x08000123   Thumb Code     0  startup_stm32l151xb.o(.text)
    RTC_Alarm_IRQHandler                     0x08000123   Thumb Code     0  startup_stm32l151xb.o(.text)
    RTC_WKUP_IRQHandler                      0x08000123   Thumb Code     0  startup_stm32l151xb.o(.text)
    SPI1_IRQHandler                          0x08000123   Thumb Code     0  startup_stm32l151xb.o(.text)
    SPI2_IRQHandler                          0x08000123   Thumb Code     0  startup_stm32l151xb.o(.text)
    TAMPER_STAMP_IRQHandler                  0x08000123   Thumb Code     0  startup_stm32l151xb.o(.text)
    TIM10_IRQHandler                         0x08000123   Thumb Code     0  startup_stm32l151xb.o(.text)
    TIM11_IRQHandler                         0x08000123   Thumb Code     0  startup_stm32l151xb.o(.text)
    TIM2_IRQHandler                          0x08000123   Thumb Code     0  startup_stm32l151xb.o(.text)
    TIM3_IRQHandler                          0x08000123   Thumb Code     0  startup_stm32l151xb.o(.text)
    TIM4_IRQHandler                          0x08000123   Thumb Code     0  startup_stm32l151xb.o(.text)
    TIM7_IRQHandler                          0x08000123   Thumb Code     0  startup_stm32l151xb.o(.text)
    TIM9_IRQHandler                          0x08000123   Thumb Code     0  startup_stm32l151xb.o(.text)
    USB_FS_WKUP_IRQHandler                   0x08000123   Thumb Code     0  startup_stm32l151xb.o(.text)
    USB_HP_IRQHandler                        0x08000123   Thumb Code     0  startup_stm32l151xb.o(.text)
    USB_LP_IRQHandler                        0x08000123   Thumb Code     0  startup_stm32l151xb.o(.text)
    WWDG_IRQHandler                          0x08000123   Thumb Code     0  startup_stm32l151xb.o(.text)
    __rt_ctype_table                         0x0800012d   Thumb Code     4  ctype_o.o(.text)
    isspace                                  0x08000135   Thumb Code    18  isspace_o.o(.text)
    tolower                                  0x08000147   Thumb Code    12  tolower.o(.text)
    __aeabi_memcpy                           0x08000153   Thumb Code    36  memcpya.o(.text)
    __aeabi_memcpy4                          0x08000153   Thumb Code     0  memcpya.o(.text)
    __aeabi_memcpy8                          0x08000153   Thumb Code     0  memcpya.o(.text)
    __aeabi_memset                           0x08000177   Thumb Code    14  memseta.o(.text)
    __aeabi_memset4                          0x08000177   Thumb Code     0  memseta.o(.text)
    __aeabi_memset8                          0x08000177   Thumb Code     0  memseta.o(.text)
    __aeabi_memclr                           0x08000185   Thumb Code     4  memseta.o(.text)
    __aeabi_memclr4                          0x08000185   Thumb Code     0  memseta.o(.text)
    __aeabi_memclr8                          0x08000185   Thumb Code     0  memseta.o(.text)
    _memset$wrapper                          0x08000189   Thumb Code    18  memseta.o(.text)
    strstr                                   0x0800019b   Thumb Code    36  strstr.o(.text)
    strncpy                                  0x080001bf   Thumb Code    24  strncpy.o(.text)
    strlen                                   0x080001d7   Thumb Code    14  strlen.o(.text)
    strcmp                                   0x080001e5   Thumb Code    28  strcmp.o(.text)
    strncat                                  0x08000201   Thumb Code    40  strncat.o(.text)
    strcpy                                   0x08000229   Thumb Code    18  strcpy.o(.text)
    strncmp                                  0x0800023b   Thumb Code    30  strncmp.o(.text)
    __0sscanf                                0x08000259   Thumb Code    48  __0sscanf.o(.text)
    _scanf_int                               0x08000291   Thumb Code   332  _scanf_int.o(.text)
    _scanf_real                              0x08000505   Thumb Code     0  scanf_fp.o(.text)
    _scanf_really_real                       0x08000505   Thumb Code   556  scanf_fp.o(.text)
    __aeabi_ui2d                             0x0800073d   Thumb Code    26  dfltui.o(.text)
    __aeabi_d2iz                             0x08000757   Thumb Code    62  dfixi.o(.text)
    __aeabi_cdcmpeq                          0x08000795   Thumb Code     0  cdcmple.o(.text)
    __aeabi_cdcmple                          0x08000795   Thumb Code    48  cdcmple.o(.text)
    __aeabi_cdrcmple                         0x080007c5   Thumb Code    48  cdrcmple.o(.text)
    __aeabi_uidiv                            0x080007f5   Thumb Code     0  uidiv.o(.text)
    __aeabi_uidivmod                         0x080007f5   Thumb Code    44  uidiv.o(.text)
    __aeabi_uldivmod                         0x08000821   Thumb Code    98  uldiv.o(.text)
    __aeabi_llsr                             0x08000883   Thumb Code    32  llushr.o(.text)
    _ll_ushift_r                             0x08000883   Thumb Code     0  llushr.o(.text)
    _chval                                   0x080008a3   Thumb Code    28  _chval.o(.text)
    __vfscanf_char                           0x080008cd   Thumb Code    20  scanf_char.o(.text)
    _sgetc                                   0x080008e9   Thumb Code    30  _sgetc.o(.text)
    _sbackspace                              0x08000907   Thumb Code    34  _sgetc.o(.text)
    __strtod_int                             0x0800095f   Thumb Code    90  strtod.o(.text)
    __I$use$fp                               0x080009c5   Thumb Code     0  iusefp.o(.text)
    _double_round                            0x080009c5   Thumb Code    30  depilogue.o(.text)
    _double_epilogue                         0x080009e3   Thumb Code   156  depilogue.o(.text)
    __aeabi_dadd                             0x08000a7f   Thumb Code   322  dadd.o(.text)
    __aeabi_dsub                             0x08000bc1   Thumb Code     6  dadd.o(.text)
    __aeabi_drsub                            0x08000bc7   Thumb Code     6  dadd.o(.text)
    __aeabi_dmul                             0x08000bcd   Thumb Code   228  dmul.o(.text)
    __aeabi_ddiv                             0x08000cb1   Thumb Code   222  ddiv.o(.text)
    __aeabi_ul2d                             0x08000d8f   Thumb Code    24  dfltul.o(.text)
    __aeabi_d2ulz                            0x08000da7   Thumb Code    48  dfixul.o(.text)
    __aeabi_d2f                              0x08000dd7   Thumb Code    56  d2f.o(.text)
    __scatterload                            0x08000e11   Thumb Code    28  init.o(.text)
    __scatterload_rt2                        0x08000e11   Thumb Code     0  init.o(.text)
    __aeabi_llsl                             0x08000e35   Thumb Code    30  llshl.o(.text)
    _ll_shift_l                              0x08000e35   Thumb Code     0  llshl.o(.text)
    __aeabi_lasr                             0x08000e53   Thumb Code    36  llsshr.o(.text)
    _ll_sshift_r                             0x08000e53   Thumb Code     0  llsshr.o(.text)
    __vfscanf                                0x08000e79   Thumb Code   808  _scanf.o(.text)
    _float_round                             0x080011a5   Thumb Code    18  fepilogue.o(.text)
    _float_epilogue                          0x080011b7   Thumb Code    92  fepilogue.o(.text)
    __decompress                             0x08001213   Thumb Code     0  __dczerorl2.o(.text)
    __decompress1                            0x08001213   Thumb Code    86  __dczerorl2.o(.text)
    BC28_ConTCP                              0x08001269   Thumb Code   156  bsp_bc28.o(i.BC28_ConTCP)
    BC28_Init                                0x0800136d   Thumb Code   508  bsp_bc28.o(i.BC28_Init)
    BC28_RECData                             0x0800163d   Thumb Code   210  bsp_bc28.o(i.BC28_RECData)
    BC28_TCPSenddata                         0x08001741   Thumb Code   150  bsp_bc28.o(i.BC28_TCPSenddata)
    BSP_BLED                                 0x08001811   Thumb Code    36  bsp_gpio.o(i.BSP_BLED)
    BSP_IDLE_Uart1                           0x08001839   Thumb Code    64  bsp_uart.o(i.BSP_IDLE_Uart1)
    BSP_IDLE_Uart2                           0x08001885   Thumb Code    64  bsp_uart.o(i.BSP_IDLE_Uart2)
    BSP_IDLE_Uart3                           0x080018d1   Thumb Code   118  bsp_uart.o(i.BSP_IDLE_Uart3)
    BSP_POWER                                0x0800196d   Thumb Code    36  bsp_gpio.o(i.BSP_POWER)
    BSP_RLED                                 0x08001995   Thumb Code    36  bsp_gpio.o(i.BSP_RLED)
    Bsp_IDLE_Enable                          0x080019bd   Thumb Code   114  bsp_uart.o(i.Bsp_IDLE_Enable)
    BusFault_Handler                         0x08001a41   Thumb Code     2  stm32l1xx_it.o(i.BusFault_Handler)
    DEBUG_Log                                0x08001a43   Thumb Code     2  bsp_bc28.o(i.DEBUG_Log)
    DMA1_Channel3_IRQHandler                 0x08001a45   Thumb Code     6  stm32l1xx_it.o(i.DMA1_Channel3_IRQHandler)
    DMA1_Channel5_IRQHandler                 0x08001a51   Thumb Code     6  stm32l1xx_it.o(i.DMA1_Channel5_IRQHandler)
    DMA1_Channel6_IRQHandler                 0x08001a5d   Thumb Code     6  stm32l1xx_it.o(i.DMA1_Channel6_IRQHandler)
    DebugMon_Handler                         0x08001a93   Thumb Code     2  stm32l1xx_it.o(i.DebugMon_Handler)
    Device_Init                              0x08001a95   Thumb Code   154  bsp_task.o(i.Device_Init)
    Error_Handler                            0x08001b41   Thumb Code     2  main.o(i.Error_Handler)
    FLASH_PageErase                          0x08001ba5   Thumb Code    32  stm32l1xx_hal_flash_ex.o(i.FLASH_PageErase)
    FLASH_WRITE                              0x08001c15   Thumb Code   232  bsp_flash.o(i.FLASH_WRITE)
    FLASH_WRITE_CHAR                         0x08001d09   Thumb Code   234  bsp_flash.o(i.FLASH_WRITE_CHAR)
    FLASH_WaitForLastOperation               0x08001e01   Thumb Code    80  stm32l1xx_hal_flash.o(i.FLASH_WaitForLastOperation)
    FlASH_READ                               0x08001e55   Thumb Code    16  bsp_flash.o(i.FlASH_READ)
    FlASH_READ_CHAR                          0x08001e65   Thumb Code    18  bsp_flash.o(i.FlASH_READ_CHAR)
    HAL_DMA_Abort                            0x08001e77   Thumb Code    48  stm32l1xx_hal_dma.o(i.HAL_DMA_Abort)
    HAL_DMA_IRQHandler                       0x08001ea7   Thumb Code   168  stm32l1xx_hal_dma.o(i.HAL_DMA_IRQHandler)
    HAL_DMA_Init                             0x08001f51   Thumb Code    92  stm32l1xx_hal_dma.o(i.HAL_DMA_Init)
    HAL_DMA_Start_IT                         0x08001fb5   Thumb Code   112  stm32l1xx_hal_dma.o(i.HAL_DMA_Start_IT)
    HAL_Delay                                0x08002025   Thumb Code    22  stm32l1xx_hal.o(i.HAL_Delay)
    HAL_FLASHEx_Erase                        0x0800203d   Thumb Code   120  stm32l1xx_hal_flash_ex.o(i.HAL_FLASHEx_Erase)
    HAL_FLASHEx_OBGetConfig                  0x080020bd   Thumb Code    38  stm32l1xx_hal_flash_ex.o(i.HAL_FLASHEx_OBGetConfig)
    HAL_FLASHEx_OBProgram                    0x080020e9   Thumb Code   230  stm32l1xx_hal_flash_ex.o(i.HAL_FLASHEx_OBProgram)
    HAL_FLASH_Lock                           0x080021d9   Thumb Code    14  stm32l1xx_hal_flash.o(i.HAL_FLASH_Lock)
    HAL_FLASH_OB_Launch                      0x080021ed   Thumb Code    18  stm32l1xx_hal_flash.o(i.HAL_FLASH_OB_Launch)
    HAL_FLASH_OB_Lock                        0x08002205   Thumb Code    14  stm32l1xx_hal_flash.o(i.HAL_FLASH_OB_Lock)
    HAL_FLASH_OB_Unlock                      0x08002219   Thumb Code    46  stm32l1xx_hal_flash.o(i.HAL_FLASH_OB_Unlock)
    HAL_FLASH_Program                        0x0800225d   Thumb Code    56  stm32l1xx_hal_flash.o(i.HAL_FLASH_Program)
    HAL_FLASH_Unlock                         0x08002299   Thumb Code    46  stm32l1xx_hal_flash.o(i.HAL_FLASH_Unlock)
    HAL_GPIO_Init                            0x080022dd   Thumb Code   364  stm32l1xx_hal_gpio.o(i.HAL_GPIO_Init)
    HAL_GPIO_TogglePin                       0x08002469   Thumb Code     8  stm32l1xx_hal_gpio.o(i.HAL_GPIO_TogglePin)
    HAL_GPIO_WritePin                        0x08002471   Thumb Code    10  stm32l1xx_hal_gpio.o(i.HAL_GPIO_WritePin)
    HAL_GetTick                              0x0800247d   Thumb Code     6  stm32l1xx_hal.o(i.HAL_GetTick)
    HAL_IncTick                              0x08002489   Thumb Code    10  stm32l1xx_hal.o(i.HAL_IncTick)
    HAL_Init                                 0x08002499   Thumb Code    22  stm32l1xx_hal.o(i.HAL_Init)
    HAL_InitTick                             0x080024b1   Thumb Code    34  stm32l1xx_hal.o(i.HAL_InitTick)
    HAL_MspInit                              0x080024d9   Thumb Code    56  stm32l1xx_hal_msp.o(i.HAL_MspInit)
    HAL_NVIC_EnableIRQ                       0x08002515   Thumb Code    22  stm32l1xx_hal_cortex.o(i.HAL_NVIC_EnableIRQ)
    HAL_NVIC_SetPriority                     0x0800252d   Thumb Code    60  stm32l1xx_hal_cortex.o(i.HAL_NVIC_SetPriority)
    HAL_NVIC_SetPriorityGrouping             0x0800256d   Thumb Code    26  stm32l1xx_hal_cortex.o(i.HAL_NVIC_SetPriorityGrouping)
    HAL_PWR_DisableWakeUpPin                 0x08002591   Thumb Code    22  stm32l1xx_hal_pwr.o(i.HAL_PWR_DisableWakeUpPin)
    HAL_PWR_EnableWakeUpPin                  0x080025ad   Thumb Code    22  stm32l1xx_hal_pwr.o(i.HAL_PWR_EnableWakeUpPin)
    HAL_PWR_EnterSTANDBYMode                 0x080025c9   Thumb Code    24  stm32l1xx_hal_pwr.o(i.HAL_PWR_EnterSTANDBYMode)
    HAL_RCCEx_PeriphCLKConfig                0x080025e9   Thumb Code   348  stm32l1xx_hal_rcc_ex.o(i.HAL_RCCEx_PeriphCLKConfig)
    HAL_RCC_ClockConfig                      0x08002751   Thumb Code   450  stm32l1xx_hal_rcc.o(i.HAL_RCC_ClockConfig)
    HAL_RCC_GetPCLK1Freq                     0x08002925   Thumb Code    34  stm32l1xx_hal_rcc.o(i.HAL_RCC_GetPCLK1Freq)
    HAL_RCC_GetPCLK2Freq                     0x08002955   Thumb Code    34  stm32l1xx_hal_rcc.o(i.HAL_RCC_GetPCLK2Freq)
    HAL_RCC_GetSysClockFreq                  0x08002985   Thumb Code   110  stm32l1xx_hal_rcc.o(i.HAL_RCC_GetSysClockFreq)
    HAL_RCC_OscConfig                        0x08002a01   Thumb Code  1860  stm32l1xx_hal_rcc.o(i.HAL_RCC_OscConfig)
    HAL_RTCEx_DeactivateWakeUpTimer          0x08003151   Thumb Code   122  stm32l1xx_hal_rtc_ex.o(i.HAL_RTCEx_DeactivateWakeUpTimer)
    HAL_RTCEx_SetWakeUpTimer                 0x080031cb   Thumb Code   194  stm32l1xx_hal_rtc_ex.o(i.HAL_RTCEx_SetWakeUpTimer)
    HAL_RTCEx_SetWakeUpTimer_IT              0x0800328d   Thumb Code   242  stm32l1xx_hal_rtc_ex.o(i.HAL_RTCEx_SetWakeUpTimer_IT)
    HAL_RTC_Init                             0x08003385   Thumb Code   150  stm32l1xx_hal_rtc.o(i.HAL_RTC_Init)
    HAL_RTC_MspInit                          0x08003421   Thumb Code    32  rtc.o(i.HAL_RTC_MspInit)
    HAL_RTC_SetDate                          0x08003449   Thumb Code   196  stm32l1xx_hal_rtc.o(i.HAL_RTC_SetDate)
    HAL_RTC_SetTime                          0x08003511   Thumb Code   228  stm32l1xx_hal_rtc.o(i.HAL_RTC_SetTime)
    HAL_RTC_WaitForSynchro                   0x080035f9   Thumb Code    54  stm32l1xx_hal_rtc_ex.o(i.HAL_RTC_WaitForSynchro)
    HAL_SYSTICK_Config                       0x0800362f   Thumb Code    40  stm32l1xx_hal_cortex.o(i.HAL_SYSTICK_Config)
    HAL_TIMEx_MasterConfigSynchronization    0x08003657   Thumb Code    80  stm32l1xx_hal_tim_ex.o(i.HAL_TIMEx_MasterConfigSynchronization)
    HAL_TIM_Base_Init                        0x080036a7   Thumb Code    54  stm32l1xx_hal_tim.o(i.HAL_TIM_Base_Init)
    HAL_TIM_Base_MspInit                     0x080036dd   Thumb Code    50  tim.o(i.HAL_TIM_Base_MspInit)
    HAL_TIM_Base_Start_IT                    0x08003719   Thumb Code    24  stm32l1xx_hal_tim.o(i.HAL_TIM_Base_Start_IT)
    HAL_TIM_IC_CaptureCallback               0x08003731   Thumb Code     2  stm32l1xx_hal_tim.o(i.HAL_TIM_IC_CaptureCallback)
    HAL_TIM_IRQHandler                       0x08003733   Thumb Code   294  stm32l1xx_hal_tim.o(i.HAL_TIM_IRQHandler)
    HAL_TIM_OC_DelayElapsedCallback          0x08003859   Thumb Code     2  stm32l1xx_hal_tim.o(i.HAL_TIM_OC_DelayElapsedCallback)
    HAL_TIM_PWM_PulseFinishedCallback        0x0800385b   Thumb Code     2  stm32l1xx_hal_tim.o(i.HAL_TIM_PWM_PulseFinishedCallback)
    HAL_TIM_PeriodElapsedCallback            0x0800385d   Thumb Code    24  main.o(i.HAL_TIM_PeriodElapsedCallback)
    HAL_TIM_TriggerCallback                  0x08003879   Thumb Code     2  stm32l1xx_hal_tim.o(i.HAL_TIM_TriggerCallback)
    HAL_UART_DMAStop                         0x0800387b   Thumb Code    40  stm32l1xx_hal_uart.o(i.HAL_UART_DMAStop)
    HAL_UART_ErrorCallback                   0x080038a3   Thumb Code     2  stm32l1xx_hal_uart.o(i.HAL_UART_ErrorCallback)
    HAL_UART_IRQHandler                      0x080038a5   Thumb Code   218  stm32l1xx_hal_uart.o(i.HAL_UART_IRQHandler)
    HAL_UART_Init                            0x0800397f   Thumb Code    94  stm32l1xx_hal_uart.o(i.HAL_UART_Init)
    HAL_UART_MspInit                         0x080039dd   Thumb Code   400  usart.o(i.HAL_UART_MspInit)
    HAL_UART_Receive_DMA                     0x08003b8d   Thumb Code   122  stm32l1xx_hal_uart.o(i.HAL_UART_Receive_DMA)
    HAL_UART_RxCpltCallback                  0x08003c15   Thumb Code     2  stm32l1xx_hal_uart.o(i.HAL_UART_RxCpltCallback)
    HAL_UART_RxHalfCpltCallback              0x08003c17   Thumb Code     2  stm32l1xx_hal_uart.o(i.HAL_UART_RxHalfCpltCallback)
    HAL_UART_Transmit                        0x08003c19   Thumb Code   204  stm32l1xx_hal_uart.o(i.HAL_UART_Transmit)
    HAL_UART_TxCpltCallback                  0x08003ce5   Thumb Code     2  stm32l1xx_hal_uart.o(i.HAL_UART_TxCpltCallback)
    HardFault_Handler                        0x08003ce7   Thumb Code     2  stm32l1xx_it.o(i.HardFault_Handler)
    MX_DMA_Init                              0x08003ce9   Thumb Code    72  dma.o(i.MX_DMA_Init)
    MX_GPIO_Init                             0x08003d35   Thumb Code   156  gpio.o(i.MX_GPIO_Init)
    MX_RTC_Init                              0x08003ddd   Thumb Code   130  rtc.o(i.MX_RTC_Init)
    MX_TIM6_Init                             0x08003e69   Thumb Code    60  tim.o(i.MX_TIM6_Init)
    MX_USART1_UART_Init                      0x08003ead   Thumb Code    48  usart.o(i.MX_USART1_UART_Init)
    MX_USART2_UART_Init                      0x08003ee5   Thumb Code    48  usart.o(i.MX_USART2_UART_Init)
    MX_USART3_UART_Init                      0x08003f1d   Thumb Code    48  usart.o(i.MX_USART3_UART_Init)
    MemManage_Handler                        0x08003f55   Thumb Code     2  stm32l1xx_it.o(i.MemManage_Handler)
    NBiot_PSM                                0x08003f69   Thumb Code   114  bsp_bc28.o(i.NBiot_PSM)
    NMI_Handler                              0x0800403d   Thumb Code     2  stm32l1xx_it.o(i.NMI_Handler)
    PendSV_Handler                           0x0800405f   Thumb Code     2  stm32l1xx_it.o(i.PendSV_Handler)
    RTC_Bcd2ToByte                           0x080040e1   Thumb Code    18  stm32l1xx_hal_rtc.o(i.RTC_Bcd2ToByte)
    RTC_ByteToBcd2                           0x080040f3   Thumb Code    22  stm32l1xx_hal_rtc.o(i.RTC_ByteToBcd2)
    RTC_EnterInitMode                        0x08004109   Thumb Code    58  stm32l1xx_hal_rtc.o(i.RTC_EnterInitMode)
    SVC_Handler                              0x08004143   Thumb Code     2  stm32l1xx_it.o(i.SVC_Handler)
    StandbyMode_Measure                      0x08004145   Thumb Code    96  bsp_rtc.o(i.StandbyMode_Measure)
    SysTick_Handler                          0x080041b5   Thumb Code     4  stm32l1xx_it.o(i.SysTick_Handler)
    SystemClock_Config                       0x080041b9   Thumb Code   112  main.o(i.SystemClock_Config)
    SystemInit                               0x0800422d   Thumb Code    62  system_stm32l1xx.o(i.SystemInit)
    TIM6_IRQHandler                          0x0800427d   Thumb Code     6  stm32l1xx_it.o(i.TIM6_IRQHandler)
    Task_Init                                0x080042f5   Thumb Code    40  bsp_task.o(i.Task_Init)
    Task_JDDZ                                0x08004321   Thumb Code    52  bsp_task.o(i.Task_JDDZ)
    Task_Recive                              0x08004365   Thumb Code   344  bsp_task.o(i.Task_Recive)
    Task_Send                                0x08004549   Thumb Code   178  bsp_task.o(i.Task_Send)
    Task_Sleep                               0x08004669   Thumb Code    14  bsp_task.o(i.Task_Sleep)
    USART1_IRQHandler                        0x08004b15   Thumb Code    28  stm32l1xx_it.o(i.USART1_IRQHandler)
    USART2_IRQHandler                        0x08004b39   Thumb Code    28  stm32l1xx_it.o(i.USART2_IRQHandler)
    USART3_IRQHandler                        0x08004b5d   Thumb Code    28  stm32l1xx_it.o(i.USART3_IRQHandler)
    UsageFault_Handler                       0x08004b81   Thumb Code     2  stm32l1xx_it.o(i.UsageFault_Handler)
    __0printf                                0x08004b85   Thumb Code    22  printfa.o(i.__0printf)
    __1printf                                0x08004b85   Thumb Code     0  printfa.o(i.__0printf)
    __2printf                                0x08004b85   Thumb Code     0  printfa.o(i.__0printf)
    __c89printf                              0x08004b85   Thumb Code     0  printfa.o(i.__0printf)
    printf                                   0x08004b85   Thumb Code     0  printfa.o(i.__0printf)
    __0sprintf                               0x08004ba5   Thumb Code    34  printfa.o(i.__0sprintf)
    __1sprintf                               0x08004ba5   Thumb Code     0  printfa.o(i.__0sprintf)
    __2sprintf                               0x08004ba5   Thumb Code     0  printfa.o(i.__0sprintf)
    __c89sprintf                             0x08004ba5   Thumb Code     0  printfa.o(i.__0sprintf)
    sprintf                                  0x08004ba5   Thumb Code     0  printfa.o(i.__0sprintf)
    __0vsprintf                              0x08004bcd   Thumb Code    30  printfa.o(i.__0vsprintf)
    __1vsprintf                              0x08004bcd   Thumb Code     0  printfa.o(i.__0vsprintf)
    __2vsprintf                              0x08004bcd   Thumb Code     0  printfa.o(i.__0vsprintf)
    __c89vsprintf                            0x08004bcd   Thumb Code     0  printfa.o(i.__0vsprintf)
    vsprintf                                 0x08004bcd   Thumb Code     0  printfa.o(i.__0vsprintf)
    free                                     0x08004bf1   Thumb Code    88  mallocr.o(i.__free$realloc)
    malloc                                   0x08004c4d   Thumb Code    64  mallocr.o(i.__malloc$realloc)
    __scatterload_copy                       0x08004c9d   Thumb Code    14  handlers.o(i.__scatterload_copy)
    __scatterload_null                       0x08004cab   Thumb Code     2  handlers.o(i.__scatterload_null)
    __scatterload_zeroinit                   0x08004cad   Thumb Code    14  handlers.o(i.__scatterload_zeroinit)
    _is_digit                                0x08004e41   Thumb Code    14  scanf_fp.o(i._is_digit)
    cJSON_AddNumberToObject                  0x0800562d   Thumb Code    46  cjson.o(i.cJSON_AddNumberToObject)
    cJSON_AddStringToObject                  0x08005661   Thumb Code    44  cjson.o(i.cJSON_AddStringToObject)
    cJSON_CreateNumber                       0x08005691   Thumb Code    78  cjson.o(i.cJSON_CreateNumber)
    cJSON_CreateObject                       0x080056f1   Thumb Code    18  cjson.o(i.cJSON_CreateObject)
    cJSON_CreateString                       0x08005709   Thumb Code    44  cjson.o(i.cJSON_CreateString)
    cJSON_Delete                             0x08005739   Thumb Code    66  cjson.o(i.cJSON_Delete)
    cJSON_GetArraySize                       0x08005781   Thumb Code    26  cjson.o(i.cJSON_GetArraySize)
    cJSON_GetObjectItem                      0x0800579b   Thumb Code     6  cjson.o(i.cJSON_GetObjectItem)
    cJSON_Parse                              0x080057b7   Thumb Code     8  cjson.o(i.cJSON_Parse)
    cJSON_ParseWithOpts                      0x080057c1   Thumb Code   218  cjson.o(i.cJSON_ParseWithOpts)
    cJSON_PrintUnformatted                   0x080058a5   Thumb Code     8  cjson.o(i.cJSON_PrintUnformatted)
    debuge_printf                            0x080058d9   Thumb Code    36  bsp_uart.o(i.debuge_printf)
    fputc                                    0x08005991   Thumb Code    18  bsp_bc28.o(i.fputc)
    get_jddz_value                           0x080059a9   Thumb Code    82  bsp_jddz.o(i.get_jddz_value)
    main                                     0x08005ad5   Thumb Code   128  main.o(i.main)
    nbiot_send_cmd                           0x08005b7d   Thumb Code    68  bsp_bc28.o(i.nbiot_send_cmd)
    realloc                                  0x080065d5   Thumb Code   102  mallocr.o(i.realloc)
    str_hex                                  0x08006641   Thumb Code    40  bsp_bc28.o(i.str_hex)
    strtod                                   0x08006671   Thumb Code    28  strtod.o(i.strtod)
    usMBCRC16                                0x080066a9   Thumb Code    40  crc16.o(i.usMBCRC16)
    PLLMulTable                              0x080069a6   Data           9  system_stm32l1xx.o(.constdata)
    AHBPrescTable                            0x080069af   Data          16  system_stm32l1xx.o(.constdata)
    APBPrescTable                            0x080069bf   Data           8  system_stm32l1xx.o(.constdata)
    __ctype_table                            0x080069c7   Data         129  ctype_o.o(.constdata)
    Region$$Table$$Base                      0x08006a4c   Number         0  anon$$obj.o(Region$$Table)
    Region$$Table$$Limit                     0x08006a6c   Number         0  anon$$obj.o(Region$$Table)
    typeuart1                                0x20000000   Data          53  bsp_uart.o(.data)
    typeuart2                                0x20000035   Data          53  bsp_uart.o(.data)
    typeuart3                                0x2000006a   Data         506  bsp_uart.o(.data)
    strx                                     0x20000268   Data           4  bsp_bc28.o(.data)
    extstrx                                  0x2000026c   Data           4  bsp_bc28.o(.data)
    jddz_value                               0x20000270   Data           2  bsp_jddz.o(.data)
    send_jddz_hex                            0x20000272   Data           8  bsp_jddz.o(.data)
    Address                                  0x2000027c   Data           4  bsp_flash.o(.data)
    PageError                                0x20000280   Data           4  bsp_flash.o(.data)
    WakeTime                                 0x20000284   Data           2  bsp_task.o(.data)
    ip_adress_bak                            0x2000028e   Data          25  bsp_task.o(.data)
    ip_adress                                0x200002a7   Data          23  bsp_task.o(.data)
    net_status                               0x200002d4   Data           1  main.o(.data)
    tim_count                                0x200002d5   Data           1  main.o(.data)
    uwTick                                   0x200002d8   Data           4  stm32l1xx_hal.o(.data)
    SystemCoreClock                          0x200002dc   Data           4  system_stm32l1xx.o(.data)
    __stdout                                 0x200002e0   Data           4  stdout.o(.data)
    __microlib_freelist                      0x200002e4   Data           4  mvars.o(.data)
    __microlib_freelist_initialised          0x200002e8   Data           4  mvars.o(.data)
    nbiot_buf                                0x2000031e   Data         500  bsp_bc28.o(.bss)
    NBiot_data                               0x20000512   Data         524  bsp_bc28.o(.bss)
    NBiot_parameter                          0x2000071e   Data          49  bsp_bc28.o(.bss)
    nbiot_rec_buf                            0x20000960   Data         310  bsp_task.o(.bss)
    hrtc                                     0x20000a98   Data          32  rtc.o(.bss)
    htim6                                    0x20000ab8   Data          56  tim.o(.bss)
    huart1                                   0x20000af0   Data          64  usart.o(.bss)
    huart2                                   0x20000b30   Data          64  usart.o(.bss)
    huart3                                   0x20000b70   Data          64  usart.o(.bss)
    hdma_usart1_rx                           0x20000bb0   Data          68  usart.o(.bss)
    hdma_usart2_rx                           0x20000bf4   Data          68  usart.o(.bss)
    hdma_usart3_rx                           0x20000c38   Data          68  usart.o(.bss)
    pFlash                                   0x20000c7c   Data          24  stm32l1xx_hal_flash.o(.bss)
    __heap_base                              0x20000c98   Data           0  startup_stm32l151xb.o(HEAP)
    __heap_limit                             0x20001498   Data           0  startup_stm32l151xb.o(HEAP)
    __initial_sp                             0x20002498   Data           0  startup_stm32l151xb.o(STACK)



==============================================================================

Memory Map of the image

  Image Entry point : 0x080000f5

  Load Region LR_IROM1 (Base: 0x08000000, Size: 0x00006d58, Max: 0x00010000, ABSOLUTE, COMPRESSED[0x00006ac4])

    Execution Region ER_IROM1 (Exec base: 0x08000000, Load base: 0x08000000, Size: 0x00006a6c, Max: 0x00010000, ABSOLUTE)

    Exec Addr    Load Addr    Size         Type   Attr      Idx    E Section Name        Object

    0x08000000   0x08000000   0x000000f4   Data   RO            3    RESET               startup_stm32l151xb.o
    0x080000f4   0x080000f4   0x00000000   Code   RO         3795  * .ARM.Collect$$$$00000000  mc_w.l(entry.o)
    0x080000f4   0x080000f4   0x00000004   Code   RO         4157    .ARM.Collect$$$$00000001  mc_w.l(entry2.o)
    0x080000f8   0x080000f8   0x00000004   Code   RO         4160    .ARM.Collect$$$$00000004  mc_w.l(entry5.o)
    0x080000fc   0x080000fc   0x00000000   Code   RO         4162    .ARM.Collect$$$$00000008  mc_w.l(entry7b.o)
    0x080000fc   0x080000fc   0x00000000   Code   RO         4164    .ARM.Collect$$$$0000000A  mc_w.l(entry8b.o)
    0x080000fc   0x080000fc   0x00000008   Code   RO         4165    .ARM.Collect$$$$0000000B  mc_w.l(entry9a.o)
    0x08000104   0x08000104   0x00000000   Code   RO         4167    .ARM.Collect$$$$0000000D  mc_w.l(entry10a.o)
    0x08000104   0x08000104   0x00000000   Code   RO         4169    .ARM.Collect$$$$0000000F  mc_w.l(entry11a.o)
    0x08000104   0x08000104   0x00000004   Code   RO         4158    .ARM.Collect$$$$00002712  mc_w.l(entry2.o)
    0x08000108   0x08000108   0x00000024   Code   RO            4    .text               startup_stm32l151xb.o
    0x0800012c   0x0800012c   0x00000008   Code   RO         3798    .text               mc_w.l(ctype_o.o)
    0x08000134   0x08000134   0x00000012   Code   RO         3820    .text               mc_w.l(isspace_o.o)
    0x08000146   0x08000146   0x0000000c   Code   RO         3826    .text               mc_w.l(tolower.o)
    0x08000152   0x08000152   0x00000024   Code   RO         3828    .text               mc_w.l(memcpya.o)
    0x08000176   0x08000176   0x00000024   Code   RO         3830    .text               mc_w.l(memseta.o)
    0x0800019a   0x0800019a   0x00000024   Code   RO         3832    .text               mc_w.l(strstr.o)
    0x080001be   0x080001be   0x00000018   Code   RO         3834    .text               mc_w.l(strncpy.o)
    0x080001d6   0x080001d6   0x0000000e   Code   RO         3836    .text               mc_w.l(strlen.o)
    0x080001e4   0x080001e4   0x0000001c   Code   RO         3838    .text               mc_w.l(strcmp.o)
    0x08000200   0x08000200   0x00000028   Code   RO         3840    .text               mc_w.l(strncat.o)
    0x08000228   0x08000228   0x00000012   Code   RO         3842    .text               mc_w.l(strcpy.o)
    0x0800023a   0x0800023a   0x0000001e   Code   RO         3844    .text               mc_w.l(strncmp.o)
    0x08000258   0x08000258   0x00000038   Code   RO         4137    .text               mc_w.l(__0sscanf.o)
    0x08000290   0x08000290   0x0000014c   Code   RO         4139    .text               mc_w.l(_scanf_int.o)
    0x080003dc   0x080003dc   0x00000360   Code   RO         4141    .text               mc_w.l(scanf_fp.o)
    0x0800073c   0x0800073c   0x0000001a   Code   RO         4147    .text               mf_w.l(dfltui.o)
    0x08000756   0x08000756   0x0000003e   Code   RO         4149    .text               mf_w.l(dfixi.o)
    0x08000794   0x08000794   0x00000030   Code   RO         4153    .text               mf_w.l(cdcmple.o)
    0x080007c4   0x080007c4   0x00000030   Code   RO         4155    .text               mf_w.l(cdrcmple.o)
    0x080007f4   0x080007f4   0x0000002c   Code   RO         4172    .text               mc_w.l(uidiv.o)
    0x08000820   0x08000820   0x00000062   Code   RO         4174    .text               mc_w.l(uldiv.o)
    0x08000882   0x08000882   0x00000020   Code   RO         4176    .text               mc_w.l(llushr.o)
    0x080008a2   0x080008a2   0x0000001c   Code   RO         4180    .text               mc_w.l(_chval.o)
    0x080008be   0x080008be   0x00000002   PAD
    0x080008c0   0x080008c0   0x00000028   Code   RO         4182    .text               mc_w.l(scanf_char.o)
    0x080008e8   0x080008e8   0x00000040   Code   RO         4184    .text               mc_w.l(_sgetc.o)
    0x08000928   0x08000928   0x0000009c   Code   RO         4186    .text               mc_w.l(strtod.o)
    0x080009c4   0x080009c4   0x00000000   Code   RO         4188    .text               mc_w.l(iusefp.o)
    0x080009c4   0x080009c4   0x000000ba   Code   RO         4189    .text               mf_w.l(depilogue.o)
    0x08000a7e   0x08000a7e   0x0000014e   Code   RO         4191    .text               mf_w.l(dadd.o)
    0x08000bcc   0x08000bcc   0x000000e4   Code   RO         4193    .text               mf_w.l(dmul.o)
    0x08000cb0   0x08000cb0   0x000000de   Code   RO         4195    .text               mf_w.l(ddiv.o)
    0x08000d8e   0x08000d8e   0x00000018   Code   RO         4197    .text               mf_w.l(dfltul.o)
    0x08000da6   0x08000da6   0x00000030   Code   RO         4199    .text               mf_w.l(dfixul.o)
    0x08000dd6   0x08000dd6   0x00000038   Code   RO         4201    .text               mf_w.l(d2f.o)
    0x08000e0e   0x08000e0e   0x00000002   PAD
    0x08000e10   0x08000e10   0x00000024   Code   RO         4203    .text               mc_w.l(init.o)
    0x08000e34   0x08000e34   0x0000001e   Code   RO         4205    .text               mc_w.l(llshl.o)
    0x08000e52   0x08000e52   0x00000024   Code   RO         4207    .text               mc_w.l(llsshr.o)
    0x08000e76   0x08000e76   0x00000002   PAD
    0x08000e78   0x08000e78   0x0000032c   Code   RO         4211    .text               mc_w.l(_scanf.o)
    0x080011a4   0x080011a4   0x0000006e   Code   RO         4213    .text               mf_w.l(fepilogue.o)
    0x08001212   0x08001212   0x00000056   Code   RO         4226    .text               mc_w.l(__dczerorl2.o)
    0x08001268   0x08001268   0x00000104   Code   RO          244    i.BC28_ConTCP       bsp_bc28.o
    0x0800136c   0x0800136c   0x000002d0   Code   RO          245    i.BC28_Init         bsp_bc28.o
    0x0800163c   0x0800163c   0x00000104   Code   RO          246    i.BC28_RECData      bsp_bc28.o
    0x08001740   0x08001740   0x000000d0   Code   RO          247    i.BC28_TCPSenddata  bsp_bc28.o
    0x08001810   0x08001810   0x00000028   Code   RO          195    i.BSP_BLED          bsp_gpio.o
    0x08001838   0x08001838   0x0000004c   Code   RO           13    i.BSP_IDLE_Uart1    bsp_uart.o
    0x08001884   0x08001884   0x0000004c   Code   RO           14    i.BSP_IDLE_Uart2    bsp_uart.o
    0x080018d0   0x080018d0   0x0000009c   Code   RO           15    i.BSP_IDLE_Uart3    bsp_uart.o
    0x0800196c   0x0800196c   0x00000028   Code   RO          196    i.BSP_POWER         bsp_gpio.o
    0x08001994   0x08001994   0x00000028   Code   RO          197    i.BSP_RLED          bsp_gpio.o
    0x080019bc   0x080019bc   0x00000084   Code   RO           16    i.Bsp_IDLE_Enable   bsp_uart.o
    0x08001a40   0x08001a40   0x00000002   Code   RO         1364    i.BusFault_Handler  stm32l1xx_it.o
    0x08001a42   0x08001a42   0x00000002   Code   RO          248    i.DEBUG_Log         bsp_bc28.o
    0x08001a44   0x08001a44   0x0000000c   Code   RO         1365    i.DMA1_Channel3_IRQHandler  stm32l1xx_it.o
    0x08001a50   0x08001a50   0x0000000c   Code   RO         1366    i.DMA1_Channel5_IRQHandler  stm32l1xx_it.o
    0x08001a5c   0x08001a5c   0x0000000c   Code   RO         1367    i.DMA1_Channel6_IRQHandler  stm32l1xx_it.o
    0x08001a68   0x08001a68   0x0000002a   Code   RO         3346    i.DMA_SetConfig     stm32l1xx_hal_dma.o
    0x08001a92   0x08001a92   0x00000002   Code   RO         1368    i.DebugMon_Handler  stm32l1xx_it.o
    0x08001a94   0x08001a94   0x000000ac   Code   RO          436    i.Device_Init       bsp_task.o
    0x08001b40   0x08001b40   0x00000002   Code   RO         1122    i.Error_Handler     main.o
    0x08001b42   0x08001b42   0x00000002   PAD
    0x08001b44   0x08001b44   0x00000060   Code   RO         3115    i.FLASH_OB_WRPConfig  stm32l1xx_hal_flash_ex.o
    0x08001ba4   0x08001ba4   0x00000028   Code   RO         3116    i.FLASH_PageErase   stm32l1xx_hal_flash_ex.o
    0x08001bcc   0x08001bcc   0x00000048   Code   RO         3013    i.FLASH_SetErrorCode  stm32l1xx_hal_flash.o
    0x08001c14   0x08001c14   0x000000f4   Code   RO          361    i.FLASH_WRITE       bsp_flash.o
    0x08001d08   0x08001d08   0x000000f8   Code   RO          362    i.FLASH_WRITE_CHAR  bsp_flash.o
    0x08001e00   0x08001e00   0x00000054   Code   RO         3014    i.FLASH_WaitForLastOperation  stm32l1xx_hal_flash.o
    0x08001e54   0x08001e54   0x00000010   Code   RO          363    i.FlASH_READ        bsp_flash.o
    0x08001e64   0x08001e64   0x00000012   Code   RO          364    i.FlASH_READ_CHAR   bsp_flash.o
    0x08001e76   0x08001e76   0x00000030   Code   RO         3347    i.HAL_DMA_Abort     stm32l1xx_hal_dma.o
    0x08001ea6   0x08001ea6   0x000000a8   Code   RO         3352    i.HAL_DMA_IRQHandler  stm32l1xx_hal_dma.o
    0x08001f4e   0x08001f4e   0x00000002   PAD
    0x08001f50   0x08001f50   0x00000064   Code   RO         3353    i.HAL_DMA_Init      stm32l1xx_hal_dma.o
    0x08001fb4   0x08001fb4   0x00000070   Code   RO         3357    i.HAL_DMA_Start_IT  stm32l1xx_hal_dma.o
    0x08002024   0x08002024   0x00000016   Code   RO         2742    i.HAL_Delay         stm32l1xx_hal.o
    0x0800203a   0x0800203a   0x00000002   PAD
    0x0800203c   0x0800203c   0x00000080   Code   RO         3123    i.HAL_FLASHEx_Erase  stm32l1xx_hal_flash_ex.o
    0x080020bc   0x080020bc   0x0000002c   Code   RO         3125    i.HAL_FLASHEx_OBGetConfig  stm32l1xx_hal_flash_ex.o
    0x080020e8   0x080020e8   0x000000f0   Code   RO         3126    i.HAL_FLASHEx_OBProgram  stm32l1xx_hal_flash_ex.o
    0x080021d8   0x080021d8   0x00000014   Code   RO         3018    i.HAL_FLASH_Lock    stm32l1xx_hal_flash.o
    0x080021ec   0x080021ec   0x00000018   Code   RO         3019    i.HAL_FLASH_OB_Launch  stm32l1xx_hal_flash.o
    0x08002204   0x08002204   0x00000014   Code   RO         3020    i.HAL_FLASH_OB_Lock  stm32l1xx_hal_flash.o
    0x08002218   0x08002218   0x00000044   Code   RO         3021    i.HAL_FLASH_OB_Unlock  stm32l1xx_hal_flash.o
    0x0800225c   0x0800225c   0x0000003c   Code   RO         3023    i.HAL_FLASH_Program  stm32l1xx_hal_flash.o
    0x08002298   0x08002298   0x00000044   Code   RO         3025    i.HAL_FLASH_Unlock  stm32l1xx_hal_flash.o
    0x080022dc   0x080022dc   0x0000018c   Code   RO         3283    i.HAL_GPIO_Init     stm32l1xx_hal_gpio.o
    0x08002468   0x08002468   0x00000008   Code   RO         3286    i.HAL_GPIO_TogglePin  stm32l1xx_hal_gpio.o
    0x08002470   0x08002470   0x0000000a   Code   RO         3287    i.HAL_GPIO_WritePin  stm32l1xx_hal_gpio.o
    0x0800247a   0x0800247a   0x00000002   PAD
    0x0800247c   0x0800247c   0x0000000c   Code   RO         2746    i.HAL_GetTick       stm32l1xx_hal.o
    0x08002488   0x08002488   0x00000010   Code   RO         2747    i.HAL_IncTick       stm32l1xx_hal.o
    0x08002498   0x08002498   0x00000016   Code   RO         2748    i.HAL_Init          stm32l1xx_hal.o
    0x080024ae   0x080024ae   0x00000002   PAD
    0x080024b0   0x080024b0   0x00000028   Code   RO         2749    i.HAL_InitTick      stm32l1xx_hal.o
    0x080024d8   0x080024d8   0x0000003c   Code   RO         1482    i.HAL_MspInit       stm32l1xx_hal_msp.o
    0x08002514   0x08002514   0x00000016   Code   RO         3626    i.HAL_NVIC_EnableIRQ  stm32l1xx_hal_cortex.o
    0x0800252a   0x0800252a   0x00000002   PAD
    0x0800252c   0x0800252c   0x00000040   Code   RO         3632    i.HAL_NVIC_SetPriority  stm32l1xx_hal_cortex.o
    0x0800256c   0x0800256c   0x00000024   Code   RO         3633    i.HAL_NVIC_SetPriorityGrouping  stm32l1xx_hal_cortex.o
    0x08002590   0x08002590   0x0000001c   Code   RO         3447    i.HAL_PWR_DisableWakeUpPin  stm32l1xx_hal_pwr.o
    0x080025ac   0x080025ac   0x0000001c   Code   RO         3452    i.HAL_PWR_EnableWakeUpPin  stm32l1xx_hal_pwr.o
    0x080025c8   0x080025c8   0x00000020   Code   RO         3454    i.HAL_PWR_EnterSTANDBYMode  stm32l1xx_hal_pwr.o
    0x080025e8   0x080025e8   0x00000168   Code   RO         2979    i.HAL_RCCEx_PeriphCLKConfig  stm32l1xx_hal_rcc_ex.o
    0x08002750   0x08002750   0x000001d4   Code   RO         2871    i.HAL_RCC_ClockConfig  stm32l1xx_hal_rcc.o
    0x08002924   0x08002924   0x00000030   Code   RO         2878    i.HAL_RCC_GetPCLK1Freq  stm32l1xx_hal_rcc.o
    0x08002954   0x08002954   0x00000030   Code   RO         2879    i.HAL_RCC_GetPCLK2Freq  stm32l1xx_hal_rcc.o
    0x08002984   0x08002984   0x0000007c   Code   RO         2880    i.HAL_RCC_GetSysClockFreq  stm32l1xx_hal_rcc.o
    0x08002a00   0x08002a00   0x00000750   Code   RO         2883    i.HAL_RCC_OscConfig  stm32l1xx_hal_rcc.o
    0x08003150   0x08003150   0x0000007a   Code   RO         1621    i.HAL_RTCEx_DeactivateWakeUpTimer  stm32l1xx_hal_rtc_ex.o
    0x080031ca   0x080031ca   0x000000c2   Code   RO         1635    i.HAL_RTCEx_SetWakeUpTimer  stm32l1xx_hal_rtc_ex.o
    0x0800328c   0x0800328c   0x000000f8   Code   RO         1636    i.HAL_RTCEx_SetWakeUpTimer_IT  stm32l1xx_hal_rtc_ex.o
    0x08003384   0x08003384   0x0000009c   Code   RO         1512    i.HAL_RTC_Init      stm32l1xx_hal_rtc.o
    0x08003420   0x08003420   0x00000028   Code   RO         1227    i.HAL_RTC_MspInit   rtc.o
    0x08003448   0x08003448   0x000000c8   Code   RO         1516    i.HAL_RTC_SetDate   stm32l1xx_hal_rtc.o
    0x08003510   0x08003510   0x000000e8   Code   RO         1517    i.HAL_RTC_SetTime   stm32l1xx_hal_rtc.o
    0x080035f8   0x080035f8   0x00000036   Code   RO         1647    i.HAL_RTC_WaitForSynchro  stm32l1xx_hal_rtc_ex.o
    0x0800362e   0x0800362e   0x00000028   Code   RO         3637    i.HAL_SYSTICK_Config  stm32l1xx_hal_cortex.o
    0x08003656   0x08003656   0x00000050   Code   RO         2468    i.HAL_TIMEx_MasterConfigSynchronization  stm32l1xx_hal_tim_ex.o
    0x080036a6   0x080036a6   0x00000036   Code   RO         1843    i.HAL_TIM_Base_Init  stm32l1xx_hal_tim.o
    0x080036dc   0x080036dc   0x0000003c   Code   RO         1269    i.HAL_TIM_Base_MspInit  tim.o
    0x08003718   0x08003718   0x00000018   Code   RO         1848    i.HAL_TIM_Base_Start_IT  stm32l1xx_hal_tim.o
    0x08003730   0x08003730   0x00000002   Code   RO         1872    i.HAL_TIM_IC_CaptureCallback  stm32l1xx_hal_tim.o
    0x08003732   0x08003732   0x00000126   Code   RO         1885    i.HAL_TIM_IRQHandler  stm32l1xx_hal_tim.o
    0x08003858   0x08003858   0x00000002   Code   RO         1888    i.HAL_TIM_OC_DelayElapsedCallback  stm32l1xx_hal_tim.o
    0x0800385a   0x0800385a   0x00000002   Code   RO         1915    i.HAL_TIM_PWM_PulseFinishedCallback  stm32l1xx_hal_tim.o
    0x0800385c   0x0800385c   0x0000001c   Code   RO         1123    i.HAL_TIM_PeriodElapsedCallback  main.o
    0x08003878   0x08003878   0x00000002   Code   RO         1926    i.HAL_TIM_TriggerCallback  stm32l1xx_hal_tim.o
    0x0800387a   0x0800387a   0x00000028   Code   RO         2508    i.HAL_UART_DMAStop  stm32l1xx_hal_uart.o
    0x080038a2   0x080038a2   0x00000002   Code   RO         2510    i.HAL_UART_ErrorCallback  stm32l1xx_hal_uart.o
    0x080038a4   0x080038a4   0x000000da   Code   RO         2513    i.HAL_UART_IRQHandler  stm32l1xx_hal_uart.o
    0x0800397e   0x0800397e   0x0000005e   Code   RO         2514    i.HAL_UART_Init     stm32l1xx_hal_uart.o
    0x080039dc   0x080039dc   0x000001b0   Code   RO         1311    i.HAL_UART_MspInit  usart.o
    0x08003b8c   0x08003b8c   0x00000088   Code   RO         2518    i.HAL_UART_Receive_DMA  stm32l1xx_hal_uart.o
    0x08003c14   0x08003c14   0x00000002   Code   RO         2520    i.HAL_UART_RxCpltCallback  stm32l1xx_hal_uart.o
    0x08003c16   0x08003c16   0x00000002   Code   RO         2521    i.HAL_UART_RxHalfCpltCallback  stm32l1xx_hal_uart.o
    0x08003c18   0x08003c18   0x000000cc   Code   RO         2522    i.HAL_UART_Transmit  stm32l1xx_hal_uart.o
    0x08003ce4   0x08003ce4   0x00000002   Code   RO         2525    i.HAL_UART_TxCpltCallback  stm32l1xx_hal_uart.o
    0x08003ce6   0x08003ce6   0x00000002   Code   RO         1369    i.HardFault_Handler  stm32l1xx_it.o
    0x08003ce8   0x08003ce8   0x0000004c   Code   RO         1202    i.MX_DMA_Init       dma.o
    0x08003d34   0x08003d34   0x000000a8   Code   RO         1178    i.MX_GPIO_Init      gpio.o
    0x08003ddc   0x08003ddc   0x0000008c   Code   RO         1228    i.MX_RTC_Init       rtc.o
    0x08003e68   0x08003e68   0x00000044   Code   RO         1270    i.MX_TIM6_Init      tim.o
    0x08003eac   0x08003eac   0x00000038   Code   RO         1312    i.MX_USART1_UART_Init  usart.o
    0x08003ee4   0x08003ee4   0x00000038   Code   RO         1313    i.MX_USART2_UART_Init  usart.o
    0x08003f1c   0x08003f1c   0x00000038   Code   RO         1314    i.MX_USART3_UART_Init  usart.o
    0x08003f54   0x08003f54   0x00000002   Code   RO         1370    i.MemManage_Handler  stm32l1xx_it.o
    0x08003f56   0x08003f56   0x00000002   PAD
    0x08003f58   0x08003f58   0x00000010   Code   RO          249    i.NBIOT_CLEAR_Buff  bsp_bc28.o
    0x08003f68   0x08003f68   0x000000d4   Code   RO          250    i.NBiot_PSM         bsp_bc28.o
    0x0800403c   0x0800403c   0x00000002   Code   RO         1371    i.NMI_Handler       stm32l1xx_it.o
    0x0800403e   0x0800403e   0x00000020   Code   RO         3639    i.NVIC_SetPriority  stm32l1xx_hal_cortex.o
    0x0800405e   0x0800405e   0x00000002   Code   RO         1372    i.PendSV_Handler    stm32l1xx_it.o
    0x08004060   0x08004060   0x00000080   Code   RO         2884    i.RCC_SetFlashLatencyFromMSIRange  stm32l1xx_hal_rcc.o
    0x080040e0   0x080040e0   0x00000012   Code   RO         1518    i.RTC_Bcd2ToByte    stm32l1xx_hal_rtc.o
    0x080040f2   0x080040f2   0x00000016   Code   RO         1519    i.RTC_ByteToBcd2    stm32l1xx_hal_rtc.o
    0x08004108   0x08004108   0x0000003a   Code   RO         1520    i.RTC_EnterInitMode  stm32l1xx_hal_rtc.o
    0x08004142   0x08004142   0x00000002   Code   RO         1373    i.SVC_Handler       stm32l1xx_it.o
    0x08004144   0x08004144   0x00000070   Code   RO          408    i.StandbyMode_Measure  bsp_rtc.o
    0x080041b4   0x080041b4   0x00000004   Code   RO         1374    i.SysTick_Handler   stm32l1xx_it.o
    0x080041b8   0x080041b8   0x00000074   Code   RO         1124    i.SystemClock_Config  main.o
    0x0800422c   0x0800422c   0x00000050   Code   RO         3757    i.SystemInit        system_stm32l1xx.o
    0x0800427c   0x0800427c   0x0000000c   Code   RO         1375    i.TIM6_IRQHandler   stm32l1xx_it.o
    0x08004288   0x08004288   0x0000006c   Code   RO         1927    i.TIM_Base_SetConfig  stm32l1xx_hal_tim.o
    0x080042f4   0x080042f4   0x0000002c   Code   RO          437    i.Task_Init         bsp_task.o
    0x08004320   0x08004320   0x00000044   Code   RO          438    i.Task_JDDZ         bsp_task.o
    0x08004364   0x08004364   0x000001e4   Code   RO          439    i.Task_Recive       bsp_task.o
    0x08004548   0x08004548   0x00000120   Code   RO          440    i.Task_Send         bsp_task.o
    0x08004668   0x08004668   0x0000000e   Code   RO          441    i.Task_Sleep        bsp_task.o
    0x08004676   0x08004676   0x0000001e   Code   RO         2527    i.UART_DMAError     stm32l1xx_hal_uart.o
    0x08004694   0x08004694   0x00000036   Code   RO         2528    i.UART_DMAReceiveCplt  stm32l1xx_hal_uart.o
    0x080046ca   0x080046ca   0x0000000a   Code   RO         2529    i.UART_DMARxHalfCplt  stm32l1xx_hal_uart.o
    0x080046d4   0x080046d4   0x000000a8   Code   RO         2532    i.UART_Receive_IT   stm32l1xx_hal_uart.o
    0x0800477c   0x0800477c   0x000002a0   Code   RO         2533    i.UART_SetConfig    stm32l1xx_hal_uart.o
    0x08004a1c   0x08004a1c   0x00000066   Code   RO         2534    i.UART_Transmit_IT  stm32l1xx_hal_uart.o
    0x08004a82   0x08004a82   0x00000092   Code   RO         2535    i.UART_WaitOnFlagUntilTimeout  stm32l1xx_hal_uart.o
    0x08004b14   0x08004b14   0x00000024   Code   RO         1376    i.USART1_IRQHandler  stm32l1xx_it.o
    0x08004b38   0x08004b38   0x00000024   Code   RO         1377    i.USART2_IRQHandler  stm32l1xx_it.o
    0x08004b5c   0x08004b5c   0x00000024   Code   RO         1378    i.USART3_IRQHandler  stm32l1xx_it.o
    0x08004b80   0x08004b80   0x00000002   Code   RO         1379    i.UsageFault_Handler  stm32l1xx_it.o
    0x08004b82   0x08004b82   0x00000002   PAD
    0x08004b84   0x08004b84   0x00000020   Code   RO         4081    i.__0printf         mc_w.l(printfa.o)
    0x08004ba4   0x08004ba4   0x00000028   Code   RO         4083    i.__0sprintf        mc_w.l(printfa.o)
    0x08004bcc   0x08004bcc   0x00000024   Code   RO         4087    i.__0vsprintf       mc_w.l(printfa.o)
    0x08004bf0   0x08004bf0   0x0000005c   Code   RO         4113    i.__free$realloc    mc_w.l(mallocr.o)
    0x08004c4c   0x08004c4c   0x00000050   Code   RO         4114    i.__malloc$realloc  mc_w.l(mallocr.o)
    0x08004c9c   0x08004c9c   0x0000000e   Code   RO         4220    i.__scatterload_copy  mc_w.l(handlers.o)
    0x08004caa   0x08004caa   0x00000002   Code   RO         4221    i.__scatterload_null  mc_w.l(handlers.o)
    0x08004cac   0x08004cac   0x0000000e   Code   RO         4222    i.__scatterload_zeroinit  mc_w.l(handlers.o)
    0x08004cba   0x08004cba   0x00000002   PAD
    0x08004cbc   0x08004cbc   0x00000184   Code   RO         4088    i._fp_digits        mc_w.l(printfa.o)
    0x08004e40   0x08004e40   0x0000000e   Code   RO         4143    i._is_digit         mc_w.l(scanf_fp.o)
    0x08004e4e   0x08004e4e   0x00000002   PAD
    0x08004e50   0x08004e50   0x000006dc   Code   RO         4089    i._printf_core      mc_w.l(printfa.o)
    0x0800552c   0x0800552c   0x00000024   Code   RO         4090    i._printf_post_padding  mc_w.l(printfa.o)
    0x08005550   0x08005550   0x0000002e   Code   RO         4091    i._printf_pre_padding  mc_w.l(printfa.o)
    0x0800557e   0x0800557e   0x0000000a   Code   RO         4093    i._sputc            mc_w.l(printfa.o)
    0x08005588   0x08005588   0x00000022   Code   RO          536    i.add_item_to_array  cjson.o
    0x080055aa   0x080055aa   0x00000056   Code   RO          537    i.add_item_to_object  cjson.o
    0x08005600   0x08005600   0x0000002c   Code   RO          538    i.buffer_skip_whitespace  cjson.o
    0x0800562c   0x0800562c   0x00000034   Code   RO          548    i.cJSON_AddNumberToObject  cjson.o
    0x08005660   0x08005660   0x00000030   Code   RO          551    i.cJSON_AddStringToObject  cjson.o
    0x08005690   0x08005690   0x00000060   Code   RO          562    i.cJSON_CreateNumber  cjson.o
    0x080056f0   0x080056f0   0x00000018   Code   RO          563    i.cJSON_CreateObject  cjson.o
    0x08005708   0x08005708   0x00000030   Code   RO          566    i.cJSON_CreateString  cjson.o
    0x08005738   0x08005738   0x00000048   Code   RO          570    i.cJSON_Delete      cjson.o
    0x08005780   0x08005780   0x0000001a   Code   RO          580    i.cJSON_GetArraySize  cjson.o
    0x0800579a   0x0800579a   0x00000006   Code   RO          582    i.cJSON_GetObjectItem  cjson.o
    0x080057a0   0x080057a0   0x00000016   Code   RO          599    i.cJSON_New_Item    cjson.o
    0x080057b6   0x080057b6   0x00000008   Code   RO          600    i.cJSON_Parse       cjson.o
    0x080057be   0x080057be   0x00000002   PAD
    0x080057c0   0x080057c0   0x000000e4   Code   RO          601    i.cJSON_ParseWithOpts  cjson.o
    0x080058a4   0x080058a4   0x0000000c   Code   RO          605    i.cJSON_PrintUnformatted  cjson.o
    0x080058b0   0x080058b0   0x00000028   Code   RO          614    i.cJSON_strdup      cjson.o
    0x080058d8   0x080058d8   0x0000002c   Code   RO           17    i.debuge_printf     bsp_uart.o
    0x08005904   0x08005904   0x0000008a   Code   RO          616    i.ensure            cjson.o
    0x0800598e   0x0800598e   0x00000002   PAD
    0x08005990   0x08005990   0x00000018   Code   RO          251    i.fputc             bsp_bc28.o
    0x080059a8   0x080059a8   0x00000060   Code   RO          328    i.get_jddz_value    bsp_jddz.o
    0x08005a08   0x08005a08   0x0000007a   Code   RO          618    i.get_object_item   cjson.o
    0x08005a82   0x08005a82   0x00000002   PAD
    0x08005a84   0x08005a84   0x00000050   Code   RO         4115    i.internal_alloc    mc_w.l(mallocr.o)
    0x08005ad4   0x08005ad4   0x000000a8   Code   RO         1125    i.main              main.o
    0x08005b7c   0x08005b7c   0x00000054   Code   RO          252    i.nbiot_send_cmd    bsp_bc28.o
    0x08005bd0   0x08005bd0   0x000000cc   Code   RO          619    i.parse_array       cjson.o
    0x08005c9c   0x08005c9c   0x00000040   Code   RO          620    i.parse_hex4        cjson.o
    0x08005cdc   0x08005cdc   0x000000f0   Code   RO          621    i.parse_number      cjson.o
    0x08005dcc   0x08005dcc   0x00000106   Code   RO          622    i.parse_object      cjson.o
    0x08005ed2   0x08005ed2   0x0000010c   Code   RO          623    i.parse_string      cjson.o
    0x08005fde   0x08005fde   0x00000002   PAD
    0x08005fe0   0x08005fe0   0x000000fc   Code   RO          624    i.parse_value       cjson.o
    0x080060dc   0x080060dc   0x00000098   Code   RO          625    i.print             cjson.o
    0x08006174   0x08006174   0x00000096   Code   RO          626    i.print_array       cjson.o
    0x0800620a   0x0800620a   0x00000002   PAD
    0x0800620c   0x0800620c   0x000000a8   Code   RO          627    i.print_number      cjson.o
    0x080062b4   0x080062b4   0x00000140   Code   RO          628    i.print_object      cjson.o
    0x080063f4   0x080063f4   0x00000110   Code   RO          629    i.print_string_ptr  cjson.o
    0x08006504   0x08006504   0x000000d0   Code   RO          630    i.print_value       cjson.o
    0x080065d4   0x080065d4   0x0000006c   Code   RO         4116    i.realloc           mc_w.l(mallocr.o)
    0x08006640   0x08006640   0x00000030   Code   RO          253    i.str_hex           bsp_bc28.o
    0x08006670   0x08006670   0x0000001c   Code   RO         3792    i.strtod            m_ws.l(strtod.o)
    0x0800668c   0x0800668c   0x0000001c   Code   RO          632    i.update_offset     cjson.o
    0x080066a8   0x080066a8   0x0000002c   Code   RO          513    i.usMBCRC16         crc16.o
    0x080066d4   0x080066d4   0x000000d2   Code   RO          633    i.utf16_literal_to_utf8  cjson.o
    0x080067a6   0x080067a6   0x00000200   Data   RO          514    .constdata          crc16.o
    0x080069a6   0x080069a6   0x00000019   Data   RO         3758    .constdata          system_stm32l1xx.o
    0x080069bf   0x080069bf   0x00000008   Data   RO         3759    .constdata          system_stm32l1xx.o
    0x080069c7   0x080069c7   0x00000081   Data   RO         3799    .constdata          mc_w.l(ctype_o.o)
    0x08006a48   0x08006a48   0x00000004   Data   RO         3800    .constdata          mc_w.l(ctype_o.o)
    0x08006a4c   0x08006a4c   0x00000020   Data   RO         4218    Region$$Table       anon$$obj.o


    Execution Region RW_IRAM1 (Exec base: 0x20000000, Load base: 0x08006a6c, Size: 0x00002498, Max: 0x00002800, ABSOLUTE, COMPRESSED[0x00000058])

    Exec Addr    Load Addr    Size         Type   Attr      Idx    E Section Name        Object

    0x20000000   COMPRESSED   0x00000264   Data   RW           19    .data               bsp_uart.o
    0x20000264   COMPRESSED   0x0000000c   Data   RW          255    .data               bsp_bc28.o
    0x20000270   COMPRESSED   0x0000000a   Data   RW          329    .data               bsp_jddz.o
    0x2000027a   COMPRESSED   0x00000002   PAD
    0x2000027c   COMPRESSED   0x00000008   Data   RW          366    .data               bsp_flash.o
    0x20000284   COMPRESSED   0x00000023   Data   RW          443    .data               bsp_task.o
    0x200002a7   COMPRESSED   0x00000017   Data   RW          444    .data               bsp_task.o
    0x200002be   COMPRESSED   0x00000002   PAD
    0x200002c0   COMPRESSED   0x00000014   Data   RW          635    .data               cjson.o
    0x200002d4   COMPRESSED   0x00000002   Data   RW         1126    .data               main.o
    0x200002d6   COMPRESSED   0x00000002   PAD
    0x200002d8   COMPRESSED   0x00000004   Data   RW         2754    .data               stm32l1xx_hal.o
    0x200002dc   COMPRESSED   0x00000004   Data   RW         3760    .data               system_stm32l1xx.o
    0x200002e0   COMPRESSED   0x00000004   Data   RW         4171    .data               mc_w.l(stdout.o)
    0x200002e4   COMPRESSED   0x00000004   Data   RW         4178    .data               mc_w.l(mvars.o)
    0x200002e8   COMPRESSED   0x00000004   Data   RW         4179    .data               mc_w.l(mvars.o)
    0x200002ec        -       0x00000032   Zero   RW           18    .bss                bsp_uart.o
    0x2000031e        -       0x00000625   Zero   RW          254    .bss                bsp_bc28.o
    0x20000943   COMPRESSED   0x00000001   PAD
    0x20000944        -       0x0000001c   Zero   RW          365    .bss                bsp_flash.o
    0x20000960        -       0x00000136   Zero   RW          442    .bss                bsp_task.o
    0x20000a96   COMPRESSED   0x00000002   PAD
    0x20000a98        -       0x00000020   Zero   RW         1229    .bss                rtc.o
    0x20000ab8        -       0x00000038   Zero   RW         1271    .bss                tim.o
    0x20000af0        -       0x0000018c   Zero   RW         1315    .bss                usart.o
    0x20000c7c        -       0x00000018   Zero   RW         3026    .bss                stm32l1xx_hal_flash.o
    0x20000c94   COMPRESSED   0x00000004   PAD
    0x20000c98        -       0x00000800   Zero   RW            2    HEAP                startup_stm32l151xb.o
    0x20001498        -       0x00001000   Zero   RW            1    STACK               startup_stm32l151xb.o


==============================================================================

Image component sizes


      Code (inc. data)   RO Data    RW Data    ZI Data      Debug   Object Name

      1834        558          0         12       1573       7895   bsp_bc28.o
       526         26          0          8         28       3618   bsp_flash.o
       120         12          0          0          0       2526   bsp_gpio.o
        96         14          0         10          0       1124   bsp_jddz.o
       112         16          0          0          0        786   bsp_rtc.o
      1070        288          0         58        310       5430   bsp_task.o
       484         88          0        612         50     388333   bsp_uart.o
      3904        168          0         20          0      28907   cjson.o
        44          4        512          0          0       1052   crc16.o
        76          4          0          0          0        686   dma.o
       168         12          0          0          0        863   gpio.o
       314         48          0          2          0       2498   main.o
       180         18          0          0         32       1343   rtc.o
        36          8        244          0       6144        772   startup_stm32l151xb.o
       112         18          0          4          0       3387   stm32l1xx_hal.o
       194         14          0          0          0      27207   stm32l1xx_hal_cortex.o
       470          8          0          0          0       3947   stm32l1xx_hal_dma.o
       416         80          0          0         24       4930   stm32l1xx_hal_flash.o
       548         40          0          0          0       5935   stm32l1xx_hal_flash_ex.o
       414         32          0          0          0       2777   stm32l1xx_hal_gpio.o
        60          4          0          0          0        782   stm32l1xx_hal_msp.o
        88         20          0          0          0       1532   stm32l1xx_hal_pwr.o
      2688        104          0          0          0       6472   stm32l1xx_hal_rcc.o
       360         12          0          0          0       1368   stm32l1xx_hal_rcc_ex.o
       686         14          0          0          0       4767   stm32l1xx_hal_rtc.o
       618          6          0          0          0       3868   stm32l1xx_hal_rtc_ex.o
       488         22          0          0          0       5746   stm32l1xx_hal_tim.o
        80          0          0          0          0       1096   stm32l1xx_hal_tim_ex.o
      1882         20          0          0          0      11131   stm32l1xx_hal_uart.o
       176         48          0          0          0       6449   stm32l1xx_it.o
        80         18         33          4          0       1111   system_stm32l1xx.o
       128         18          0          0         56       1394   tim.o
       600         56          0          0        396       3017   usart.o

    ----------------------------------------------------------------------
     19078       1798        821        736       8620     542749   Object Totals
         0          0         32          0          0          0   (incl. Generated)
        26          0          0          6          7          0   (incl. Padding)

    ----------------------------------------------------------------------

      Code (inc. data)   RO Data    RW Data    ZI Data      Debug   Library Member Name

        28          0          0          0          0         80   strtod.o
        56          8          0          0          0         84   __0sscanf.o
        86          0          0          0          0          0   __dczerorl2.o
        28          0          0          0          0         68   _chval.o
       812          4          0          0          0        112   _scanf.o
       332          0          0          0          0         96   _scanf_int.o
        64          0          0          0          0         84   _sgetc.o
         8          4        133          0          0         68   ctype_o.o
         0          0          0          0          0          0   entry.o
         0          0          0          0          0          0   entry10a.o
         0          0          0          0          0          0   entry11a.o
         8          4          0          0          0          0   entry2.o
         4          0          0          0          0          0   entry5.o
         0          0          0          0          0          0   entry7b.o
         0          0          0          0          0          0   entry8b.o
         8          4          0          0          0          0   entry9a.o
        30          0          0          0          0          0   handlers.o
        36          8          0          0          0         68   init.o
        18          0          0          0          0         76   isspace_o.o
         0          0          0          0          0          0   iusefp.o
        30          0          0          0          0         68   llshl.o
        36          0          0          0          0         68   llsshr.o
        32          0          0          0          0         68   llushr.o
       360         30          0          0          0        356   mallocr.o
        36          0          0          0          0         68   memcpya.o
        36          0          0          0          0        108   memseta.o
         0          0          0          8          0          0   mvars.o
      2344        102          0          0          0        684   printfa.o
        40          8          0          0          0         84   scanf_char.o
       878         12          0          0          0        216   scanf_fp.o
         0          0          0          4          0          0   stdout.o
        28          0          0          0          0         76   strcmp.o
        18          0          0          0          0         68   strcpy.o
        14          0          0          0          0         68   strlen.o
        40          0          0          0          0         76   strncat.o
        30          0          0          0          0         80   strncmp.o
        24          0          0          0          0         76   strncpy.o
        36          0          0          0          0         80   strstr.o
       156         12          0          0          0        120   strtod.o
        12          0          0          0          0         68   tolower.o
        44          0          0          0          0         80   uidiv.o
        98          0          0          0          0         92   uldiv.o
        48          0          0          0          0         68   cdcmple.o
        48          0          0          0          0         68   cdrcmple.o
        56          0          0          0          0         88   d2f.o
       334          0          0          0          0        148   dadd.o
       222          0          0          0          0        100   ddiv.o
       186          0          0          0          0        176   depilogue.o
        62          0          0          0          0         80   dfixi.o
        48          0          0          0          0         68   dfixul.o
        26          0          0          0          0         76   dfltui.o
        24          0          0          0          0         76   dfltul.o
       228          0          0          0          0         96   dmul.o
       110          0          0          0          0        168   fepilogue.o

    ----------------------------------------------------------------------
      7212        196        133         12          0       4552   Library Totals
        10          0          0          0          0          0   (incl. Padding)

    ----------------------------------------------------------------------

      Code (inc. data)   RO Data    RW Data    ZI Data      Debug   Library Name

        28          0          0          0          0         80   m_ws.l
      5782        196        133         12          0       3260   mc_w.l
      1392          0          0          0          0       1212   mf_w.l

    ----------------------------------------------------------------------
      7212        196        133         12          0       4552   Library Totals

    ----------------------------------------------------------------------

==============================================================================


      Code (inc. data)   RO Data    RW Data    ZI Data      Debug   

     26290       1994        954        748       8620     536197   Grand Totals
     26290       1994        954         88       8620     536197   ELF Image Totals (compressed)
     26290       1994        954         88          0          0   ROM Totals

==============================================================================

    Total RO  Size (Code + RO Data)                27244 (  26.61kB)
    Total RW  Size (RW Data + ZI Data)              9368 (   9.15kB)
    Total ROM Size (Code + RO Data + RW Data)      27332 (  26.69kB)

==============================================================================

