<html>
<body>
<pre>
<h1>µVision Build Log</h1>
<h2>Tool Versions:</h2>
IDE-Version: ¦ÌVision V5.26.2.0
Copyright (C) 2018 ARM Ltd and ARM Germany GmbH. All rights reserved.
License Information: zhang jian, linpai, LIC=IC9MM-XL56F-HNTA6-DHCSZ-BXKRG-I3U7L
 
Tool Versions:
Toolchain:       MDK-ARM Professional  Version: 5.26.2.0
Toolchain Path:  d:\Keil_v5\ARM\ARMCC\Bin
C Compiler:      Armcc.exe V5.06 update 6 (build 750)
Assembler:       Armasm.exe V5.06 update 6 (build 750)
Linker/Locator:  ArmLink.exe V5.06 update 6 (build 750)
Library Manager: ArmAr.exe V5.06 update 6 (build 750)
Hex Converter:   FromElf.exe V5.06 update 6 (build 750)
CPU DLL:         SARMCM3.DLL V5.26.2.0
Dialog DLL:      DCM.DLL V1.17.2.0
Target DLL:      STLink\ST-LINKIII-KEIL_SWO.dll V3.0.5.0
Dialog DLL:      TCM.DLL V1.36.1.0
 
<h2>Project:</h2>
E:\jiedidianzu\JDDZ\MDK-ARM\JDDZ.uvprojx
Project File Date:  01/10/2019

<h2>Output:</h2>
*** Using Compiler 'V5.06 update 6 (build 750)', folder: 'd:\Keil_v5\ARM\ARMCC\Bin'
Build target 'JDDZ'
assembling startup_stm32l151xb.s...
compiling bsp_gpio.c...
compiling bsp_uart.c...
compiling bsp_bc28.c...
compiling bsp_flash.c...
compiling bsp_rtc.c...
compiling bsp_jddz.c...
compiling cJSON.c...
compiling crc16.c...
compiling bsp_task.c...
compiling main.c...
compiling gpio.c...
compiling dma.c...
compiling rtc.c...
compiling tim.c...
compiling usart.c...
compiling stm32l1xx_it.c...
compiling stm32l1xx_hal_msp.c...
compiling stm32l1xx_hal_rtc.c...
compiling stm32l1xx_hal_rtc_ex.c...
compiling stm32l1xx_hal_tim_ex.c...
compiling stm32l1xx_hal_uart.c...
compiling stm32l1xx_hal_tim.c...
compiling stm32l1xx_hal.c...
compiling stm32l1xx_hal_rcc_ex.c...
compiling stm32l1xx_hal_rcc.c...
compiling stm32l1xx_hal_flash.c...
compiling stm32l1xx_hal_flash_ex.c...
compiling stm32l1xx_hal_flash_ramfunc.c...
compiling stm32l1xx_hal_gpio.c...
compiling stm32l1xx_hal_dma.c...
compiling stm32l1xx_hal_pwr.c...
compiling stm32l1xx_hal_pwr_ex.c...
compiling system_stm32l1xx.c...
compiling stm32l1xx_hal_cortex.c...
linking...
Program Size: Code=26290 RO-data=954 RW-data=748 ZI-data=8620  
FromELF: creating hex file...
"JDDZ\JDDZ.axf" - 0 Error(s), 0 Warning(s).

<h2>Software Packages used:</h2>

Package Vendor: ARM
                http://www.keil.com/pack/ARM.CMSIS.5.4.0.pack
                ARM.CMSIS.5.4.0
                CMSIS (Cortex Microcontroller Software Interface Standard)
   * Component: CORE Version: 5.1.2

Package Vendor: Keil
                http://www.keil.com/pack/Keil.STM32L1xx_DFP.1.2.0.pack
                Keil.STM32L1xx_DFP.1.2.0
                STMicroelectronics STM32L1 Series Device Support and Examples

<h2>Collection of Component include folders:</h2>
  .\RTE\_JDDZ
  d:\Keil_v5\ARM\PACK\ARM\CMSIS\5.4.0\CMSIS\Core\Include
  d:\Keil_v5\ARM\PACK\Keil\STM32L1xx_DFP\1.2.0\Device\Include

<h2>Collection of Component Files used:</h2>

   * Component: ARM::CMSIS:CORE:5.1.2
Build Time Elapsed:  00:00:38
</pre>
</body>
</html>
